Archive member included because of file (symbol)

f:/iti/imt tools/sdk/sdk/winavr/bin/../lib/gcc/avr/4.3.3/avr5\libgcc.a(_mulsi3.o)
                              ./main.o (__mulsi3)
f:/iti/imt tools/sdk/sdk/winavr/bin/../lib/gcc/avr/4.3.3/avr5\libgcc.a(_udivmodqi4.o)
                              ./LCD_program.o (__udivmodqi4)
f:/iti/imt tools/sdk/sdk/winavr/bin/../lib/gcc/avr/4.3.3/avr5\libgcc.a(_udivmodsi4.o)
                              ./main.o (__udivmodsi4)
f:/iti/imt tools/sdk/sdk/winavr/bin/../lib/gcc/avr/4.3.3/avr5\libgcc.a(_exit.o)
                              f:/iti/imt tools/sdk/sdk/winavr/bin/../lib/gcc/avr/4.3.3/../../../../avr/lib/avr5/crtm32.o (exit)
f:/iti/imt tools/sdk/sdk/winavr/bin/../lib/gcc/avr/4.3.3/avr5\libgcc.a(_copy_data.o)
                              ./main.o (__do_copy_data)
f:/iti/imt tools/sdk/sdk/winavr/bin/../lib/gcc/avr/4.3.3/avr5\libgcc.a(_clear_bss.o)
                              ./Timer_program.o (__do_clear_bss)

Allocating common symbols
Common symbol       size              file

freq                0x2               ./main.o
snap1               0x2               ./Timer_program.o
snap2               0x4               ./Timer_program.o
duty                0x2               ./main.o
snap3               0x4               ./Timer_program.o

Memory Configuration

Name             Origin             Length             Attributes
text             0x00000000         0x00020000         xr
data             0x00800060         0x0000ffa0         rw !x
eeprom           0x00810000         0x00010000         rw !x
fuse             0x00820000         0x00000400         rw !x
lock             0x00830000         0x00000400         rw !x
signature        0x00840000         0x00000400         rw !x
*default*        0x00000000         0xffffffff

Linker script and memory map

LOAD f:/iti/imt tools/sdk/sdk/winavr/bin/../lib/gcc/avr/4.3.3/../../../../avr/lib/avr5/crtm32.o
LOAD ./DIO_program.o
LOAD ./LCD_program.o
LOAD ./Timer_program.o
LOAD ./main.o
LOAD f:/iti/imt tools/sdk/sdk/winavr/bin/../lib/gcc/avr/4.3.3/avr5\libgcc.a
LOAD f:/iti/imt tools/sdk/sdk/winavr/bin/../lib/gcc/avr/4.3.3/../../../../avr/lib/avr5\libc.a
LOAD f:/iti/imt tools/sdk/sdk/winavr/bin/../lib/gcc/avr/4.3.3/avr5\libgcc.a

.hash
 *(.hash)

.dynsym
 *(.dynsym)

.dynstr
 *(.dynstr)

.gnu.version
 *(.gnu.version)

.gnu.version_d
 *(.gnu.version_d)

.gnu.version_r
 *(.gnu.version_r)

.rel.init
 *(.rel.init)

.rela.init
 *(.rela.init)

.rel.text
 *(.rel.text)
 *(.rel.text.*)
 *(.rel.gnu.linkonce.t*)

.rela.text
 *(.rela.text)
 *(.rela.text.*)
 *(.rela.gnu.linkonce.t*)

.rel.fini
 *(.rel.fini)

.rela.fini
 *(.rela.fini)

.rel.rodata
 *(.rel.rodata)
 *(.rel.rodata.*)
 *(.rel.gnu.linkonce.r*)

.rela.rodata
 *(.rela.rodata)
 *(.rela.rodata.*)
 *(.rela.gnu.linkonce.r*)

.rel.data
 *(.rel.data)
 *(.rel.data.*)
 *(.rel.gnu.linkonce.d*)

.rela.data
 *(.rela.data)
 *(.rela.data.*)
 *(.rela.gnu.linkonce.d*)

.rel.ctors
 *(.rel.ctors)

.rela.ctors
 *(.rela.ctors)

.rel.dtors
 *(.rel.dtors)

.rela.dtors
 *(.rela.dtors)

.rel.got
 *(.rel.got)

.rela.got
 *(.rela.got)

.rel.bss
 *(.rel.bss)

.rela.bss
 *(.rela.bss)

.rel.plt
 *(.rel.plt)

.rela.plt
 *(.rela.plt)

.text           0x00000000      0xa70
 *(.vectors)
 .vectors       0x00000000       0x54 f:/iti/imt tools/sdk/sdk/winavr/bin/../lib/gcc/avr/4.3.3/../../../../avr/lib/avr5/crtm32.o
                0x00000000                __vectors
                0x00000000                __vector_default
 *(.vectors)
 *(.progmem.gcc*)
 *(.progmem*)
                0x00000054                . = ALIGN (0x2)
                0x00000054                __trampolines_start = .
 *(.trampolines)
 .trampolines   0x00000054        0x0 linker stubs
 *(.trampolines*)
                0x00000054                __trampolines_end = .
 *(.jumptables)
 *(.jumptables*)
 *(.lowtext)
 *(.lowtext*)
                0x00000054                __ctors_start = .
 *(.ctors)
                0x00000054                __ctors_end = .
                0x00000054                __dtors_start = .
 *(.dtors)
                0x00000054                __dtors_end = .
 SORT(*)(.ctors)
 SORT(*)(.dtors)
 *(.init0)
 .init0         0x00000054        0x0 f:/iti/imt tools/sdk/sdk/winavr/bin/../lib/gcc/avr/4.3.3/../../../../avr/lib/avr5/crtm32.o
                0x00000054                __init
 *(.init0)
 *(.init1)
 *(.init1)
 *(.init2)
 .init2         0x00000054        0xc f:/iti/imt tools/sdk/sdk/winavr/bin/../lib/gcc/avr/4.3.3/../../../../avr/lib/avr5/crtm32.o
 *(.init2)
 *(.init3)
 *(.init3)
 *(.init4)
 .init4         0x00000060       0x16 f:/iti/imt tools/sdk/sdk/winavr/bin/../lib/gcc/avr/4.3.3/avr5\libgcc.a(_copy_data.o)
                0x00000060                __do_copy_data
 .init4         0x00000076       0x10 f:/iti/imt tools/sdk/sdk/winavr/bin/../lib/gcc/avr/4.3.3/avr5\libgcc.a(_clear_bss.o)
                0x00000076                __do_clear_bss
 *(.init4)
 *(.init5)
 *(.init5)
 *(.init6)
 *(.init6)
 *(.init7)
 *(.init7)
 *(.init8)
 *(.init8)
 *(.init9)
 .init9         0x00000086        0x8 f:/iti/imt tools/sdk/sdk/winavr/bin/../lib/gcc/avr/4.3.3/../../../../avr/lib/avr5/crtm32.o
 *(.init9)
 *(.text)
 .text          0x0000008e        0x4 f:/iti/imt tools/sdk/sdk/winavr/bin/../lib/gcc/avr/4.3.3/../../../../avr/lib/avr5/crtm32.o
                0x0000008e                __vector_1
                0x0000008e                __vector_12
                0x0000008e                __bad_interrupt
                0x0000008e                __vector_3
                0x0000008e                __vector_13
                0x0000008e                __vector_17
                0x0000008e                __vector_19
                0x0000008e                __vector_7
                0x0000008e                __vector_4
                0x0000008e                __vector_2
                0x0000008e                __vector_15
                0x0000008e                __vector_8
                0x0000008e                __vector_14
                0x0000008e                __vector_16
                0x0000008e                __vector_18
                0x0000008e                __vector_20
 .text          0x00000092        0x0 ./DIO_program.o
 .text          0x00000092        0x0 ./LCD_program.o
 .text          0x00000092        0x0 ./Timer_program.o
 .text          0x00000092        0x0 ./main.o
 .text          0x00000092        0x0 f:/iti/imt tools/sdk/sdk/winavr/bin/../lib/gcc/avr/4.3.3/avr5\libgcc.a(_mulsi3.o)
 .text          0x00000092        0x0 f:/iti/imt tools/sdk/sdk/winavr/bin/../lib/gcc/avr/4.3.3/avr5\libgcc.a(_udivmodqi4.o)
 .text          0x00000092        0x0 f:/iti/imt tools/sdk/sdk/winavr/bin/../lib/gcc/avr/4.3.3/avr5\libgcc.a(_udivmodsi4.o)
 .text          0x00000092        0x0 f:/iti/imt tools/sdk/sdk/winavr/bin/../lib/gcc/avr/4.3.3/avr5\libgcc.a(_exit.o)
 .text          0x00000092        0x0 f:/iti/imt tools/sdk/sdk/winavr/bin/../lib/gcc/avr/4.3.3/avr5\libgcc.a(_copy_data.o)
 .text          0x00000092        0x0 f:/iti/imt tools/sdk/sdk/winavr/bin/../lib/gcc/avr/4.3.3/avr5\libgcc.a(_clear_bss.o)
                0x00000092                . = ALIGN (0x2)
 *(.text.*)
 .text.DIO_VidSetPinDirection
                0x00000092       0xe6 ./DIO_program.o
                0x00000092                DIO_VidSetPinDirection
 .text.DIO_VidSetPinValue
                0x00000178       0xe6 ./DIO_program.o
                0x00000178                DIO_VidSetPinValue
 .text.DIO_VidGetPinValue
                0x0000025e       0x40 ./DIO_program.o
                0x0000025e                DIO_VidGetPinValue
 .text.DIO_VidSetPortDirection
                0x0000029e       0x54 ./DIO_program.o
                0x0000029e                DIO_VidSetPortDirection
 .text.DIO_VidSetPortValue
                0x000002f2       0x22 ./DIO_program.o
                0x000002f2                DIO_VidSetPortValue
 .text.DIO_VidTogglePin
                0x00000314       0x6a ./DIO_program.o
                0x00000314                DIO_VidTogglePin
 .text.DIO_u8GetPortValue
                0x0000037e       0x24 ./DIO_program.o
                0x0000037e                DIO_u8GetPortValue
 .text.LCD_VidSendCommand
                0x000003a2       0x4c ./LCD_program.o
                0x000003a2                LCD_VidSendCommand
 .text.LCD_voidReturnHome
                0x000003ee        0x8 ./LCD_program.o
                0x000003ee                LCD_voidReturnHome
 .text.LCD_VidShiftLeft
                0x000003f6        0x8 ./LCD_program.o
                0x000003f6                LCD_VidShiftLeft
 .text.LCD_VidShiftRight
                0x000003fe        0x8 ./LCD_program.o
                0x000003fe                LCD_VidShiftRight
 .text.LCD_VidClear
                0x00000406        0x8 ./LCD_program.o
                0x00000406                LCD_VidClear
 .text.LCD_VidSetPosition
                0x0000040e       0x1c ./LCD_program.o
                0x0000040e                LCD_VidSetPosition
 .text.LCD_VidSendData
                0x0000042a       0x5c ./LCD_program.o
                0x0000042a                LCD_VidSendData
 .text.LCD_VidSendNumber
                0x00000486       0xea ./LCD_program.o
                0x00000486                LCD_VidSendNumber
 .text.LCD_VidSendString
                0x00000570       0x26 ./LCD_program.o
                0x00000570                LCD_VidSendString
 .text.LCD_VidInit
                0x00000596       0x78 ./LCD_program.o
                0x00000596                LCD_VidInit
 .text.TM_voidTimerInit
                0x0000060e       0x54 ./Timer_program.o
                0x0000060e                TM_voidTimerInit
 .text.TM_VoidPrealoadOverFlow
                0x00000662        0xa ./Timer_program.o
                0x00000662                TM_VoidPrealoadOverFlow
 .text.TM_VoidSetDuty
                0x0000066c        0x6 ./Timer_program.o
                0x0000066c                TM_VoidSetDuty
 .text.__vector_6
                0x00000672       0xe2 ./Timer_program.o
                0x00000672                __vector_6
 .text.__vector_9
                0x00000754       0x2e ./Timer_program.o
                0x00000754                __vector_9
 .text.__vector_5
                0x00000782       0x70 ./Timer_program.o
                0x00000782                __vector_5
 .text.__vector_10
                0x000007f2       0x6c ./Timer_program.o
                0x000007f2                __vector_10
 .text.__vector_11
                0x0000085e       0x70 ./Timer_program.o
                0x0000085e                __vector_11
 .text.TM1_VoidInputCapture
                0x000008ce       0x1c ./Timer_program.o
                0x000008ce                TM1_VoidInputCapture
 .text.main     0x000008ea       0xe8 ./main.o
                0x000008ea                main
 .text.libgcc   0x000009d2       0x3e f:/iti/imt tools/sdk/sdk/winavr/bin/../lib/gcc/avr/4.3.3/avr5\libgcc.a(_mulsi3.o)
                0x000009d2                __mulsi3
 .text.libgcc   0x00000a10       0x18 f:/iti/imt tools/sdk/sdk/winavr/bin/../lib/gcc/avr/4.3.3/avr5\libgcc.a(_udivmodqi4.o)
                0x00000a10                __udivmodqi4
 .text.libgcc   0x00000a28       0x44 f:/iti/imt tools/sdk/sdk/winavr/bin/../lib/gcc/avr/4.3.3/avr5\libgcc.a(_udivmodsi4.o)
                0x00000a28                __udivmodsi4
 .text.libgcc   0x00000a6c        0x0 f:/iti/imt tools/sdk/sdk/winavr/bin/../lib/gcc/avr/4.3.3/avr5\libgcc.a(_exit.o)
 .text.libgcc   0x00000a6c        0x0 f:/iti/imt tools/sdk/sdk/winavr/bin/../lib/gcc/avr/4.3.3/avr5\libgcc.a(_copy_data.o)
 .text.libgcc   0x00000a6c        0x0 f:/iti/imt tools/sdk/sdk/winavr/bin/../lib/gcc/avr/4.3.3/avr5\libgcc.a(_clear_bss.o)
                0x00000a6c                . = ALIGN (0x2)
 *(.fini9)
 .fini9         0x00000a6c        0x0 f:/iti/imt tools/sdk/sdk/winavr/bin/../lib/gcc/avr/4.3.3/avr5\libgcc.a(_exit.o)
                0x00000a6c                exit
                0x00000a6c                _exit
 *(.fini9)
 *(.fini8)
 *(.fini8)
 *(.fini7)
 *(.fini7)
 *(.fini6)
 *(.fini6)
 *(.fini5)
 *(.fini5)
 *(.fini4)
 *(.fini4)
 *(.fini3)
 *(.fini3)
 *(.fini2)
 *(.fini2)
 *(.fini1)
 *(.fini1)
 *(.fini0)
 .fini0         0x00000a6c        0x4 f:/iti/imt tools/sdk/sdk/winavr/bin/../lib/gcc/avr/4.3.3/avr5\libgcc.a(_exit.o)
 *(.fini0)
                0x00000a70                _etext = .

.data           0x00800060       0x10 load address 0x00000a70
                0x00800060                PROVIDE (__data_start, .)
 *(.data)
 .data          0x00800060        0x0 f:/iti/imt tools/sdk/sdk/winavr/bin/../lib/gcc/avr/4.3.3/../../../../avr/lib/avr5/crtm32.o
 .data          0x00800060        0x0 ./DIO_program.o
 .data          0x00800060        0x0 ./LCD_program.o
 .data          0x00800060        0x0 ./Timer_program.o
 .data          0x00800060       0x10 ./main.o
 .data          0x00800070        0x0 f:/iti/imt tools/sdk/sdk/winavr/bin/../lib/gcc/avr/4.3.3/avr5\libgcc.a(_mulsi3.o)
 .data          0x00800070        0x0 f:/iti/imt tools/sdk/sdk/winavr/bin/../lib/gcc/avr/4.3.3/avr5\libgcc.a(_udivmodqi4.o)
 .data          0x00800070        0x0 f:/iti/imt tools/sdk/sdk/winavr/bin/../lib/gcc/avr/4.3.3/avr5\libgcc.a(_udivmodsi4.o)
 .data          0x00800070        0x0 f:/iti/imt tools/sdk/sdk/winavr/bin/../lib/gcc/avr/4.3.3/avr5\libgcc.a(_exit.o)
 .data          0x00800070        0x0 f:/iti/imt tools/sdk/sdk/winavr/bin/../lib/gcc/avr/4.3.3/avr5\libgcc.a(_copy_data.o)
 .data          0x00800070        0x0 f:/iti/imt tools/sdk/sdk/winavr/bin/../lib/gcc/avr/4.3.3/avr5\libgcc.a(_clear_bss.o)
 *(.data*)
 *(.rodata)
 *(.rodata*)
 *(.gnu.linkonce.d*)
                0x00800070                . = ALIGN (0x2)
                0x00800070                _edata = .
                0x00800070                PROVIDE (__data_end, .)

.bss            0x00800070       0x17
                0x00800070                PROVIDE (__bss_start, .)
 *(.bss)
 .bss           0x00800070        0x0 f:/iti/imt tools/sdk/sdk/winavr/bin/../lib/gcc/avr/4.3.3/../../../../avr/lib/avr5/crtm32.o
 .bss           0x00800070        0x0 ./DIO_program.o
 .bss           0x00800070        0x0 ./LCD_program.o
 .bss           0x00800070        0x0 ./Timer_program.o
 .bss           0x00800070        0x0 ./main.o
 .bss           0x00800070        0x0 f:/iti/imt tools/sdk/sdk/winavr/bin/../lib/gcc/avr/4.3.3/avr5\libgcc.a(_mulsi3.o)
 .bss           0x00800070        0x0 f:/iti/imt tools/sdk/sdk/winavr/bin/../lib/gcc/avr/4.3.3/avr5\libgcc.a(_udivmodqi4.o)
 .bss           0x00800070        0x0 f:/iti/imt tools/sdk/sdk/winavr/bin/../lib/gcc/avr/4.3.3/avr5\libgcc.a(_udivmodsi4.o)
 .bss           0x00800070        0x0 f:/iti/imt tools/sdk/sdk/winavr/bin/../lib/gcc/avr/4.3.3/avr5\libgcc.a(_exit.o)
 .bss           0x00800070        0x0 f:/iti/imt tools/sdk/sdk/winavr/bin/../lib/gcc/avr/4.3.3/avr5\libgcc.a(_copy_data.o)
 .bss           0x00800070        0x0 f:/iti/imt tools/sdk/sdk/winavr/bin/../lib/gcc/avr/4.3.3/avr5\libgcc.a(_clear_bss.o)
 *(.bss*)
 .bss.ov        0x00800070        0x2 ./Timer_program.o
                0x00800070                ov
 .bss.flag      0x00800072        0x1 ./Timer_program.o
                0x00800072                flag
 .bss.counter.1288
                0x00800073        0x2 ./Timer_program.o
 .bss.Counter.1282
                0x00800075        0x2 ./Timer_program.o
 .bss.counter.1275
                0x00800077        0x2 ./Timer_program.o
 *(COMMON)
 COMMON         0x00800079        0xa ./Timer_program.o
                0x00800079                snap1
                0x0080007b                snap2
                0x0080007f                snap3
 COMMON         0x00800083        0x4 ./main.o
                0x00800083                freq
                0x00800085                duty
                0x00800087                PROVIDE (__bss_end, .)
                0x00000a70                __data_load_start = LOADADDR (.data)
                0x00000a80                __data_load_end = (__data_load_start + SIZEOF (.data))

.noinit         0x00800087        0x0
                0x00800087                PROVIDE (__noinit_start, .)
 *(.noinit*)
                0x00800087                PROVIDE (__noinit_end, .)
                0x00800087                _end = .
                0x00800087                PROVIDE (__heap_start, .)

.eeprom         0x00810000        0x0
 *(.eeprom*)
                0x00810000                __eeprom_end = .

.fuse
 *(.fuse)
 *(.lfuse)
 *(.hfuse)
 *(.efuse)

.lock
 *(.lock*)

.signature
 *(.signature*)

.stab
 *(.stab)

.stabstr
 *(.stabstr)

.stab.excl
 *(.stab.excl)

.stab.exclstr
 *(.stab.exclstr)

.stab.index
 *(.stab.index)

.stab.indexstr
 *(.stab.indexstr)

.comment
 *(.comment)

.debug
 *(.debug)

.line
 *(.line)

.debug_srcinfo
 *(.debug_srcinfo)

.debug_sfnames
 *(.debug_sfnames)

.debug_aranges
 *(.debug_aranges)

.debug_pubnames
 *(.debug_pubnames)

.debug_info
 *(.debug_info)
 *(.gnu.linkonce.wi.*)

.debug_abbrev
 *(.debug_abbrev)

.debug_line
 *(.debug_line)

.debug_frame
 *(.debug_frame)

.debug_str
 *(.debug_str)

.debug_loc
 *(.debug_loc)

.debug_macinfo
 *(.debug_macinfo)
OUTPUT(AVR_TIMER.elf elf32-avr)
LOAD linker stubs
