Archive member included because of file (symbol)

f:/iti/imt tools/sdk/sdk/winavr/bin/../lib/gcc/avr/4.3.3/avr5\libgcc.a(_exit.o)
                              f:/iti/imt tools/sdk/sdk/winavr/bin/../lib/gcc/avr/4.3.3/../../../../avr/lib/avr5/crtm32.o (exit)
f:/iti/imt tools/sdk/sdk/winavr/bin/../lib/gcc/avr/4.3.3/avr5\libgcc.a(_copy_data.o)
                              ./tasks.o (__do_copy_data)
f:/iti/imt tools/sdk/sdk/winavr/bin/../lib/gcc/avr/4.3.3/avr5\libgcc.a(_clear_bss.o)
                              ./croutine.o (__do_clear_bss)
f:/iti/imt tools/sdk/sdk/winavr/bin/../lib/gcc/avr/4.3.3/../../../../avr/lib/avr5\libc.a(memcpy.o)
                              ./queue.o (memcpy)
f:/iti/imt tools/sdk/sdk/winavr/bin/../lib/gcc/avr/4.3.3/../../../../avr/lib/avr5\libc.a(memset.o)
                              ./tasks.o (memset)
f:/iti/imt tools/sdk/sdk/winavr/bin/../lib/gcc/avr/4.3.3/../../../../avr/lib/avr5\libc.a(strncpy.o)
                              ./tasks.o (strncpy)

Memory Configuration

Name             Origin             Length             Attributes
text             0x00000000         0x00020000         xr
data             0x00800060         0x0000ffa0         rw !x
eeprom           0x00810000         0x00010000         rw !x
fuse             0x00820000         0x00000400         rw !x
lock             0x00830000         0x00000400         rw !x
signature        0x00840000         0x00000400         rw !x
*default*        0x00000000         0xffffffff

Linker script and memory map

LOAD f:/iti/imt tools/sdk/sdk/winavr/bin/../lib/gcc/avr/4.3.3/../../../../avr/lib/avr5/crtm32.o
LOAD ./DIO_program.o
LOAD ./croutine.o
LOAD ./heap_1.o
LOAD ./list.o
LOAD ./main.o
LOAD ./port.o
LOAD ./queue.o
LOAD ./tasks.o
LOAD ./timers.o
LOAD f:/iti/imt tools/sdk/sdk/winavr/bin/../lib/gcc/avr/4.3.3/avr5\libgcc.a
LOAD f:/iti/imt tools/sdk/sdk/winavr/bin/../lib/gcc/avr/4.3.3/../../../../avr/lib/avr5\libc.a
LOAD f:/iti/imt tools/sdk/sdk/winavr/bin/../lib/gcc/avr/4.3.3/avr5\libgcc.a

.hash
 *(.hash)

.dynsym
 *(.dynsym)

.dynstr
 *(.dynstr)

.gnu.version
 *(.gnu.version)

.gnu.version_d
 *(.gnu.version_d)

.gnu.version_r
 *(.gnu.version_r)

.rel.init
 *(.rel.init)

.rela.init
 *(.rela.init)

.rel.text
 *(.rel.text)
 *(.rel.text.*)
 *(.rel.gnu.linkonce.t*)

.rela.text
 *(.rela.text)
 *(.rela.text.*)
 *(.rela.gnu.linkonce.t*)

.rel.fini
 *(.rel.fini)

.rela.fini
 *(.rela.fini)

.rel.rodata
 *(.rel.rodata)
 *(.rel.rodata.*)
 *(.rel.gnu.linkonce.r*)

.rela.rodata
 *(.rela.rodata)
 *(.rela.rodata.*)
 *(.rela.gnu.linkonce.r*)

.rel.data
 *(.rel.data)
 *(.rel.data.*)
 *(.rel.gnu.linkonce.d*)

.rela.data
 *(.rela.data)
 *(.rela.data.*)
 *(.rela.gnu.linkonce.d*)

.rel.ctors
 *(.rel.ctors)

.rela.ctors
 *(.rela.ctors)

.rel.dtors
 *(.rel.dtors)

.rela.dtors
 *(.rela.dtors)

.rel.got
 *(.rel.got)

.rela.got
 *(.rela.got)

.rel.bss
 *(.rel.bss)

.rela.bss
 *(.rela.bss)

.rel.plt
 *(.rel.plt)

.rela.plt
 *(.rela.plt)

.text           0x00000000     0x2fa4
 *(.vectors)
 .vectors       0x00000000       0x54 f:/iti/imt tools/sdk/sdk/winavr/bin/../lib/gcc/avr/4.3.3/../../../../avr/lib/avr5/crtm32.o
                0x00000000                __vectors
                0x00000000                __vector_default
 *(.vectors)
 *(.progmem.gcc*)
 *(.progmem*)
                0x00000054                . = ALIGN (0x2)
                0x00000054                __trampolines_start = .
 *(.trampolines)
 .trampolines   0x00000054        0x0 linker stubs
 *(.trampolines*)
                0x00000054                __trampolines_end = .
 *(.jumptables)
 *(.jumptables*)
 *(.lowtext)
 *(.lowtext*)
                0x00000054                __ctors_start = .
 *(.ctors)
                0x00000054                __ctors_end = .
                0x00000054                __dtors_start = .
 *(.dtors)
                0x00000054                __dtors_end = .
 SORT(*)(.ctors)
 SORT(*)(.dtors)
 *(.init0)
 .init0         0x00000054        0x0 f:/iti/imt tools/sdk/sdk/winavr/bin/../lib/gcc/avr/4.3.3/../../../../avr/lib/avr5/crtm32.o
                0x00000054                __init
 *(.init0)
 *(.init1)
 *(.init1)
 *(.init2)
 .init2         0x00000054        0xc f:/iti/imt tools/sdk/sdk/winavr/bin/../lib/gcc/avr/4.3.3/../../../../avr/lib/avr5/crtm32.o
 *(.init2)
 *(.init3)
 *(.init3)
 *(.init4)
 .init4         0x00000060       0x16 f:/iti/imt tools/sdk/sdk/winavr/bin/../lib/gcc/avr/4.3.3/avr5\libgcc.a(_copy_data.o)
                0x00000060                __do_copy_data
 .init4         0x00000076       0x10 f:/iti/imt tools/sdk/sdk/winavr/bin/../lib/gcc/avr/4.3.3/avr5\libgcc.a(_clear_bss.o)
                0x00000076                __do_clear_bss
 *(.init4)
 *(.init5)
 *(.init5)
 *(.init6)
 *(.init6)
 *(.init7)
 *(.init7)
 *(.init8)
 *(.init8)
 *(.init9)
 .init9         0x00000086        0x8 f:/iti/imt tools/sdk/sdk/winavr/bin/../lib/gcc/avr/4.3.3/../../../../avr/lib/avr5/crtm32.o
 *(.init9)
 *(.text)
 .text          0x0000008e        0x4 f:/iti/imt tools/sdk/sdk/winavr/bin/../lib/gcc/avr/4.3.3/../../../../avr/lib/avr5/crtm32.o
                0x0000008e                __vector_1
                0x0000008e                __vector_12
                0x0000008e                __bad_interrupt
                0x0000008e                __vector_6
                0x0000008e                __vector_3
                0x0000008e                __vector_11
                0x0000008e                __vector_13
                0x0000008e                __vector_17
                0x0000008e                __vector_19
                0x0000008e                __vector_5
                0x0000008e                __vector_4
                0x0000008e                __vector_9
                0x0000008e                __vector_2
                0x0000008e                __vector_15
                0x0000008e                __vector_8
                0x0000008e                __vector_14
                0x0000008e                __vector_10
                0x0000008e                __vector_16
                0x0000008e                __vector_18
                0x0000008e                __vector_20
 .text          0x00000092        0x0 ./DIO_program.o
 .text          0x00000092        0x0 ./croutine.o
 .text          0x00000092        0x0 ./heap_1.o
 .text          0x00000092        0x0 ./list.o
 .text          0x00000092        0x0 ./main.o
 .text          0x00000092        0x0 ./port.o
 .text          0x00000092        0x0 ./queue.o
 .text          0x00000092        0x0 ./tasks.o
 .text          0x00000092        0x0 ./timers.o
 .text          0x00000092        0x0 f:/iti/imt tools/sdk/sdk/winavr/bin/../lib/gcc/avr/4.3.3/avr5\libgcc.a(_exit.o)
 .text          0x00000092        0x0 f:/iti/imt tools/sdk/sdk/winavr/bin/../lib/gcc/avr/4.3.3/avr5\libgcc.a(_copy_data.o)
 .text          0x00000092        0x0 f:/iti/imt tools/sdk/sdk/winavr/bin/../lib/gcc/avr/4.3.3/avr5\libgcc.a(_clear_bss.o)
 .text          0x00000092        0x0 f:/iti/imt tools/sdk/sdk/winavr/bin/../lib/gcc/avr/4.3.3/../../../../avr/lib/avr5\libc.a(memcpy.o)
 .text          0x00000092        0x0 f:/iti/imt tools/sdk/sdk/winavr/bin/../lib/gcc/avr/4.3.3/../../../../avr/lib/avr5\libc.a(memset.o)
 .text          0x00000092        0x0 f:/iti/imt tools/sdk/sdk/winavr/bin/../lib/gcc/avr/4.3.3/../../../../avr/lib/avr5\libc.a(strncpy.o)
                0x00000092                . = ALIGN (0x2)
 *(.text.*)
 .text.DIO_VidSetPinDirection
                0x00000092      0x200 ./DIO_program.o
                0x00000092                DIO_VidSetPinDirection
 .text.DIO_VidSetPinValue
                0x00000292      0x200 ./DIO_program.o
                0x00000292                DIO_VidSetPinValue
 .text.DIO_VidGetPinValue
                0x00000492       0xf4 ./DIO_program.o
                0x00000492                DIO_VidGetPinValue
 .text.DIO_VidSetPortDirection
                0x00000586       0xf2 ./DIO_program.o
                0x00000586                DIO_VidSetPortDirection
 .text.DIO_VidSetPortValue
                0x00000678       0x82 ./DIO_program.o
                0x00000678                DIO_VidSetPortValue
 .text.DIO_VidTogglePin
                0x000006fa       0xfa ./DIO_program.o
                0x000006fa                DIO_VidTogglePin
 .text.DIO_u8GetPortValue
                0x000007f4       0x84 ./DIO_program.o
                0x000007f4                DIO_u8GetPortValue
 .text.xCoRoutineCreate
                0x00000878      0x128 ./croutine.o
                0x00000878                xCoRoutineCreate
 .text.vCoRoutineAddToDelayedList
                0x000009a0       0xc2 ./croutine.o
                0x000009a0                vCoRoutineAddToDelayedList
 .text.prvCheckPendingReadyList
                0x00000a62       0x94 ./croutine.o
 .text.prvCheckDelayedList
                0x00000af6      0x15c ./croutine.o
 .text.vCoRoutineSchedule
                0x00000c52       0xf4 ./croutine.o
                0x00000c52                vCoRoutineSchedule
 .text.prvInitialiseCoRoutineLists
                0x00000d46       0x72 ./croutine.o
 .text.xCoRoutineRemoveFromEventList
                0x00000db8       0x70 ./croutine.o
                0x00000db8                xCoRoutineRemoveFromEventList
 .text.pvPortMalloc
                0x00000e28       0x8c ./heap_1.o
                0x00000e28                pvPortMalloc
 .text.vPortFree
                0x00000eb4       0x18 ./heap_1.o
                0x00000eb4                vPortFree
 .text.vPortInitialiseBlocks
                0x00000ecc       0x16 ./heap_1.o
                0x00000ecc                vPortInitialiseBlocks
 .text.xPortGetFreeHeapSize
                0x00000ee2       0x1e ./heap_1.o
                0x00000ee2                xPortGetFreeHeapSize
 .text.vListInitialise
                0x00000f00       0x54 ./list.o
                0x00000f00                vListInitialise
 .text.vListInitialiseItem
                0x00000f54       0x20 ./list.o
                0x00000f54                vListInitialiseItem
 .text.vListInsertEnd
                0x00000f74       0x98 ./list.o
                0x00000f74                vListInsertEnd
 .text.vListInsert
                0x0000100c       0xd8 ./list.o
                0x0000100c                vListInsert
 .text.vListRemove
                0x000010e4       0x92 ./list.o
                0x000010e4                vListRemove
 .text.Led1     0x00001176       0x20 ./main.o
                0x00001176                Led1
 .text.Led2     0x00001196       0x20 ./main.o
                0x00001196                Led2
 .text.Led3     0x000011b6       0x20 ./main.o
                0x000011b6                Led3
 .text.Led4     0x000011d6       0x20 ./main.o
                0x000011d6                Led4
 .text.main     0x000011f6       0xf0 ./main.o
                0x000011f6                main
 .text.pxPortInitialiseStack
                0x000012e6      0x306 ./port.o
                0x000012e6                pxPortInitialiseStack
 .text.xPortStartScheduler
                0x000015ec       0x6a ./port.o
                0x000015ec                xPortStartScheduler
 .text.vPortEndScheduler
                0x00001656        0xe ./port.o
                0x00001656                vPortEndScheduler
 .text.vPortYield
                0x00001664       0xb2 ./port.o
                0x00001664                vPortYield
 .text.vPortYieldFromTick
                0x00001716       0xb6 ./port.o
                0x00001716                vPortYieldFromTick
 .text.prvSetupTimerInterrupt
                0x000017cc       0xb8 ./port.o
 .text.__vector_7
                0x00001884        0x6 ./port.o
                0x00001884                __vector_7
 .text.xQueueCreate
                0x0000188a      0x152 ./queue.o
                0x0000188a                xQueueCreate
 .text.xQueueGenericSend
                0x000019dc      0x13c ./queue.o
                0x000019dc                xQueueGenericSend
 .text.xQueueGenericSendFromISR
                0x00001b18       0x9a ./queue.o
                0x00001b18                xQueueGenericSendFromISR
 .text.xQueueGenericReceive
                0x00001bb2      0x180 ./queue.o
                0x00001bb2                xQueueGenericReceive
 .text.xQueueReceiveFromISR
                0x00001d32       0x9e ./queue.o
                0x00001d32                xQueueReceiveFromISR
 .text.uxQueueMessagesWaiting
                0x00001dd0       0x30 ./queue.o
                0x00001dd0                uxQueueMessagesWaiting
 .text.uxQueueMessagesWaitingFromISR
                0x00001e00       0x26 ./queue.o
                0x00001e00                uxQueueMessagesWaitingFromISR
 .text.vQueueDelete
                0x00001e26       0x2c ./queue.o
                0x00001e26                vQueueDelete
 .text.prvCopyDataToQueue
                0x00001e52      0x12a ./queue.o
 .text.prvCopyDataFromQueue
                0x00001f7c       0x90 ./queue.o
 .text.prvUnlockQueue
                0x0000200c       0xa8 ./queue.o
 .text.prvIsQueueEmpty
                0x000020b4       0x38 ./queue.o
 .text.xQueueIsQueueEmptyFromISR
                0x000020ec       0x2e ./queue.o
                0x000020ec                xQueueIsQueueEmptyFromISR
 .text.prvIsQueueFull
                0x0000211a       0x3e ./queue.o
 .text.xQueueIsQueueFullFromISR
                0x00002158       0x34 ./queue.o
                0x00002158                xQueueIsQueueFullFromISR
 .text.xTaskGenericCreate
                0x0000218c      0x1da ./tasks.o
                0x0000218c                xTaskGenericCreate
 .text.vTaskDelete
                0x00002366       0xc6 ./tasks.o
                0x00002366                vTaskDelete
 .text.vTaskDelayUntil
                0x0000242c       0xe8 ./tasks.o
                0x0000242c                vTaskDelayUntil
 .text.vTaskDelay
                0x00002514       0x6a ./tasks.o
                0x00002514                vTaskDelay
 .text.vTaskStartScheduler
                0x0000257e       0x6e ./tasks.o
                0x0000257e                vTaskStartScheduler
 .text.vTaskEndScheduler
                0x000025ec       0x18 ./tasks.o
                0x000025ec                vTaskEndScheduler
 .text.vTaskSuspendAll
                0x00002604       0x18 ./tasks.o
                0x00002604                vTaskSuspendAll
 .text.xTaskResumeAll
                0x0000261c      0x114 ./tasks.o
                0x0000261c                xTaskResumeAll
 .text.xTaskGetTickCount
                0x00002730       0x2e ./tasks.o
                0x00002730                xTaskGetTickCount
 .text.xTaskGetTickCountFromISR
                0x0000275e       0x2a ./tasks.o
                0x0000275e                xTaskGetTickCountFromISR
 .text.uxTaskGetNumberOfTasks
                0x00002788       0x12 ./tasks.o
                0x00002788                uxTaskGetNumberOfTasks
 .text.vTaskIncrementTick
                0x0000279a      0x1aa ./tasks.o
                0x0000279a                vTaskIncrementTick
 .text.vTaskSwitchContext
                0x00002944       0xcc ./tasks.o
                0x00002944                vTaskSwitchContext
 .text.vTaskPlaceOnEventList
                0x00002a10       0x6c ./tasks.o
                0x00002a10                vTaskPlaceOnEventList
 .text.xTaskRemoveFromEventList
                0x00002a7c       0xd0 ./tasks.o
                0x00002a7c                xTaskRemoveFromEventList
 .text.vTaskSetTimeOutState
                0x00002b4c       0x32 ./tasks.o
                0x00002b4c                vTaskSetTimeOutState
 .text.xTaskCheckForTimeOut
                0x00002b7e       0xba ./tasks.o
                0x00002b7e                xTaskCheckForTimeOut
 .text.vTaskMissedYield
                0x00002c38       0x14 ./tasks.o
                0x00002c38                vTaskMissedYield
 .text.prvIdleTask
                0x00002c4c       0x14 ./tasks.o
 .text.prvInitialiseTCBVariables
                0x00002c60       0xae ./tasks.o
 .text.prvInitialiseTaskLists
                0x00002d0e       0x7a ./tasks.o
 .text.prvCheckTasksWaitingTermination
                0x00002d88       0x7c ./tasks.o
 .text.prvAddCurrentTaskToDelayedList
                0x00002e04       0x92 ./tasks.o
 .text.prvAllocateTCBAndStack
                0x00002e96       0xa0 ./tasks.o
 .text.prvDeleteTCB
                0x00002f36       0x2c ./tasks.o
 .text.libgcc   0x00002f62        0x0 f:/iti/imt tools/sdk/sdk/winavr/bin/../lib/gcc/avr/4.3.3/avr5\libgcc.a(_exit.o)
 .text.libgcc   0x00002f62        0x0 f:/iti/imt tools/sdk/sdk/winavr/bin/../lib/gcc/avr/4.3.3/avr5\libgcc.a(_copy_data.o)
 .text.libgcc   0x00002f62        0x0 f:/iti/imt tools/sdk/sdk/winavr/bin/../lib/gcc/avr/4.3.3/avr5\libgcc.a(_clear_bss.o)
 .text.avr-libc
                0x00002f62       0x12 f:/iti/imt tools/sdk/sdk/winavr/bin/../lib/gcc/avr/4.3.3/../../../../avr/lib/avr5\libc.a(memcpy.o)
                0x00002f62                memcpy
 .text.avr-libc
                0x00002f74        0xe f:/iti/imt tools/sdk/sdk/winavr/bin/../lib/gcc/avr/4.3.3/../../../../avr/lib/avr5\libc.a(memset.o)
                0x00002f74                memset
 .text.avr-libc
                0x00002f82       0x1e f:/iti/imt tools/sdk/sdk/winavr/bin/../lib/gcc/avr/4.3.3/../../../../avr/lib/avr5\libc.a(strncpy.o)
                0x00002f82                strncpy
                0x00002fa0                . = ALIGN (0x2)
 *(.fini9)
 .fini9         0x00002fa0        0x0 f:/iti/imt tools/sdk/sdk/winavr/bin/../lib/gcc/avr/4.3.3/avr5\libgcc.a(_exit.o)
                0x00002fa0                exit
                0x00002fa0                _exit
 *(.fini9)
 *(.fini8)
 *(.fini8)
 *(.fini7)
 *(.fini7)
 *(.fini6)
 *(.fini6)
 *(.fini5)
 *(.fini5)
 *(.fini4)
 *(.fini4)
 *(.fini3)
 *(.fini3)
 *(.fini2)
 *(.fini2)
 *(.fini1)
 *(.fini1)
 *(.fini0)
 .fini0         0x00002fa0        0x4 f:/iti/imt tools/sdk/sdk/winavr/bin/../lib/gcc/avr/4.3.3/avr5\libgcc.a(_exit.o)
 *(.fini0)
                0x00002fa4                _etext = .

.data           0x00800060        0x8 load address 0x00002fa4
                0x00800060                PROVIDE (__data_start, .)
 *(.data)
 .data          0x00800060        0x0 f:/iti/imt tools/sdk/sdk/winavr/bin/../lib/gcc/avr/4.3.3/../../../../avr/lib/avr5/crtm32.o
 .data          0x00800060        0x0 ./DIO_program.o
 .data          0x00800060        0x0 ./croutine.o
 .data          0x00800060        0x0 ./heap_1.o
 .data          0x00800060        0x0 ./list.o
 .data          0x00800060        0x0 ./main.o
 .data          0x00800060        0x0 ./port.o
 .data          0x00800060        0x0 ./queue.o
 .data          0x00800060        0x5 ./tasks.o
 .data          0x00800065        0x0 ./timers.o
 .data          0x00800065        0x0 f:/iti/imt tools/sdk/sdk/winavr/bin/../lib/gcc/avr/4.3.3/avr5\libgcc.a(_exit.o)
 .data          0x00800065        0x0 f:/iti/imt tools/sdk/sdk/winavr/bin/../lib/gcc/avr/4.3.3/avr5\libgcc.a(_copy_data.o)
 .data          0x00800065        0x0 f:/iti/imt tools/sdk/sdk/winavr/bin/../lib/gcc/avr/4.3.3/avr5\libgcc.a(_clear_bss.o)
 .data          0x00800065        0x0 f:/iti/imt tools/sdk/sdk/winavr/bin/../lib/gcc/avr/4.3.3/../../../../avr/lib/avr5\libc.a(memcpy.o)
 .data          0x00800065        0x0 f:/iti/imt tools/sdk/sdk/winavr/bin/../lib/gcc/avr/4.3.3/../../../../avr/lib/avr5\libc.a(memset.o)
 .data          0x00800065        0x0 f:/iti/imt tools/sdk/sdk/winavr/bin/../lib/gcc/avr/4.3.3/../../../../avr/lib/avr5\libc.a(strncpy.o)
 *(.data*)
 .data.xNextTaskUnblockTime
                0x00800065        0x2 ./tasks.o
 *(.rodata)
 *(.rodata*)
 *(.gnu.linkonce.d*)
                0x00800068                . = ALIGN (0x2)
 *fill*         0x00800067        0x1 00
                0x00800068                _edata = .
                0x00800068                PROVIDE (__data_end, .)

.bss            0x00800068      0x573
                0x00800068                PROVIDE (__bss_start, .)
 *(.bss)
 .bss           0x00800068        0x0 f:/iti/imt tools/sdk/sdk/winavr/bin/../lib/gcc/avr/4.3.3/../../../../avr/lib/avr5/crtm32.o
 .bss           0x00800068        0x0 ./DIO_program.o
 .bss           0x00800068        0x0 ./croutine.o
 .bss           0x00800068        0x0 ./heap_1.o
 .bss           0x00800068        0x0 ./list.o
 .bss           0x00800068        0x0 ./main.o
 .bss           0x00800068        0x0 ./port.o
 .bss           0x00800068        0x0 ./queue.o
 .bss           0x00800068        0x0 ./tasks.o
 .bss           0x00800068        0x0 ./timers.o
 .bss           0x00800068        0x0 f:/iti/imt tools/sdk/sdk/winavr/bin/../lib/gcc/avr/4.3.3/avr5\libgcc.a(_exit.o)
 .bss           0x00800068        0x0 f:/iti/imt tools/sdk/sdk/winavr/bin/../lib/gcc/avr/4.3.3/avr5\libgcc.a(_copy_data.o)
 .bss           0x00800068        0x0 f:/iti/imt tools/sdk/sdk/winavr/bin/../lib/gcc/avr/4.3.3/avr5\libgcc.a(_clear_bss.o)
 .bss           0x00800068        0x0 f:/iti/imt tools/sdk/sdk/winavr/bin/../lib/gcc/avr/4.3.3/../../../../avr/lib/avr5\libc.a(memcpy.o)
 .bss           0x00800068        0x0 f:/iti/imt tools/sdk/sdk/winavr/bin/../lib/gcc/avr/4.3.3/../../../../avr/lib/avr5\libc.a(memset.o)
 .bss           0x00800068        0x0 f:/iti/imt tools/sdk/sdk/winavr/bin/../lib/gcc/avr/4.3.3/../../../../avr/lib/avr5\libc.a(strncpy.o)
 *(.bss*)
 .bss.pxCurrentCoRoutine
                0x00800068        0x2 ./croutine.o
                0x00800068                pxCurrentCoRoutine
 .bss.uxTopCoRoutineReadyPriority
                0x0080006a        0x1 ./croutine.o
 .bss.xCoRoutineTickCount
                0x0080006b        0x2 ./croutine.o
 .bss.xLastTickCount
                0x0080006d        0x2 ./croutine.o
 .bss.xPassedTicks
                0x0080006f        0x2 ./croutine.o
 .bss.pxReadyCoRoutineLists
                0x00800071       0x12 ./croutine.o
 .bss.xDelayedCoRoutineList1
                0x00800083        0x9 ./croutine.o
 .bss.xDelayedCoRoutineList2
                0x0080008c        0x9 ./croutine.o
 .bss.pxDelayedCoRoutineList
                0x00800095        0x2 ./croutine.o
 .bss.pxOverflowDelayedCoRoutineList
                0x00800097        0x2 ./croutine.o
 .bss.xPendingReadyCoRoutineList
                0x00800099        0x9 ./croutine.o
 .bss.xNextFreeByte
                0x008000a2        0x2 ./heap_1.o
 .bss.xHeap     0x008000a4      0x4b0 ./heap_1.o
 .bss.pxCurrentTCB
                0x00800554        0x2 ./tasks.o
                0x00800554                pxCurrentTCB
 .bss.uxTasksDeleted
                0x00800556        0x1 ./tasks.o
 .bss.uxCurrentNumberOfTasks
                0x00800557        0x1 ./tasks.o
 .bss.xTickCount
                0x00800558        0x2 ./tasks.o
 .bss.uxTopUsedPriority
                0x0080055a        0x1 ./tasks.o
 .bss.uxTopReadyPriority
                0x0080055b        0x1 ./tasks.o
 .bss.xSchedulerRunning
                0x0080055c        0x1 ./tasks.o
 .bss.uxSchedulerSuspended
                0x0080055d        0x1 ./tasks.o
 .bss.uxMissedTicks
                0x0080055e        0x1 ./tasks.o
 .bss.xMissedYield
                0x0080055f        0x1 ./tasks.o
 .bss.xNumOfOverflows
                0x00800560        0x1 ./tasks.o
 .bss.uxTaskNumber
                0x00800561        0x1 ./tasks.o
 .bss.pxReadyTasksLists
                0x00800562       0x51 ./tasks.o
 .bss.xDelayedTaskList1
                0x008005b3        0x9 ./tasks.o
 .bss.xDelayedTaskList2
                0x008005bc        0x9 ./tasks.o
 .bss.pxDelayedTaskList
                0x008005c5        0x2 ./tasks.o
 .bss.pxOverflowDelayedTaskList
                0x008005c7        0x2 ./tasks.o
 .bss.xPendingReadyList
                0x008005c9        0x9 ./tasks.o
 .bss.xTasksWaitingTermination
                0x008005d2        0x9 ./tasks.o
 *(COMMON)
                0x008005db                PROVIDE (__bss_end, .)
                0x00002fa4                __data_load_start = LOADADDR (.data)
                0x00002fac                __data_load_end = (__data_load_start + SIZEOF (.data))

.noinit         0x008005db        0x0
                0x008005db                PROVIDE (__noinit_start, .)
 *(.noinit*)
                0x008005db                PROVIDE (__noinit_end, .)
                0x008005db                _end = .
                0x008005db                PROVIDE (__heap_start, .)

.eeprom         0x00810000        0x0
 *(.eeprom*)
                0x00810000                __eeprom_end = .

.fuse
 *(.fuse)
 *(.lfuse)
 *(.hfuse)
 *(.efuse)

.lock
 *(.lock*)

.signature
 *(.signature*)

.stab           0x00000000     0x4b24
 *(.stab)
 .stab          0x00000000      0x624 ./DIO_program.o
 .stab          0x00000624      0xb34 ./croutine.o
                                0xb40 (size before relaxing)
 .stab          0x00001158      0x354 ./heap_1.o
                                0x624 (size before relaxing)
 .stab          0x000014ac      0x474 ./list.o
                                0x750 (size before relaxing)
 .stab          0x00001920      0x408 ./main.o
                                0x768 (size before relaxing)
 .stab          0x00001d28      0x840 ./port.o
                                0xb70 (size before relaxing)
 .stab          0x00002568      0xe94 ./queue.o
                               0x11d0 (size before relaxing)
 .stab          0x000033fc     0x1578 ./tasks.o
                               0x17d0 (size before relaxing)
 .stab          0x00004974      0x1b0 ./timers.o
                                0x4c8 (size before relaxing)

.stabstr        0x00000000     0x2d6c
 *(.stabstr)
 .stabstr       0x00000000     0x2d6c ./DIO_program.o

.stab.excl
 *(.stab.excl)

.stab.exclstr
 *(.stab.exclstr)

.stab.index
 *(.stab.index)

.stab.indexstr
 *(.stab.indexstr)

.comment
 *(.comment)

.debug
 *(.debug)

.line
 *(.line)

.debug_srcinfo
 *(.debug_srcinfo)

.debug_sfnames
 *(.debug_sfnames)

.debug_aranges
 *(.debug_aranges)

.debug_pubnames
 *(.debug_pubnames)

.debug_info
 *(.debug_info)
 *(.gnu.linkonce.wi.*)

.debug_abbrev
 *(.debug_abbrev)

.debug_line
 *(.debug_line)

.debug_frame
 *(.debug_frame)

.debug_str
 *(.debug_str)

.debug_loc
 *(.debug_loc)

.debug_macinfo
 *(.debug_macinfo)
OUTPUT(AVR_FreeRtos.elf elf32-avr)
LOAD linker stubs
