Archive member included because of file (symbol)

f:/iti/imt tools/sdk/sdk/winavr/bin/../lib/gcc/avr/4.3.3/avr5\libgcc.a(_udivmodqi4.o)
                              ./LCD_program.o (__udivmodqi4)
f:/iti/imt tools/sdk/sdk/winavr/bin/../lib/gcc/avr/4.3.3/avr5\libgcc.a(_exit.o)
                              f:/iti/imt tools/sdk/sdk/winavr/bin/../lib/gcc/avr/4.3.3/../../../../avr/lib/avr5/crtm32.o (exit)
f:/iti/imt tools/sdk/sdk/winavr/bin/../lib/gcc/avr/4.3.3/avr5\libgcc.a(_copy_data.o)
                              ./main.o (__do_copy_data)
f:/iti/imt tools/sdk/sdk/winavr/bin/../lib/gcc/avr/4.3.3/avr5\libgcc.a(_clear_bss.o)
                              ./croutine.o (__do_clear_bss)
f:/iti/imt tools/sdk/sdk/winavr/bin/../lib/gcc/avr/4.3.3/avr5\libgcc.a(_fixunssfsi.o)
                              ./LCD_program.o (__fixunssfsi)
f:/iti/imt tools/sdk/sdk/winavr/bin/../lib/gcc/avr/4.3.3/avr5\libgcc.a(_addsub_sf.o)
                              f:/iti/imt tools/sdk/sdk/winavr/bin/../lib/gcc/avr/4.3.3/avr5\libgcc.a(_fixunssfsi.o) (__subsf3)
f:/iti/imt tools/sdk/sdk/winavr/bin/../lib/gcc/avr/4.3.3/avr5\libgcc.a(_mul_sf.o)
                              ./LCD_program.o (__mulsf3)
f:/iti/imt tools/sdk/sdk/winavr/bin/../lib/gcc/avr/4.3.3/avr5\libgcc.a(_gt_sf.o)
                              ./LCD_program.o (__gtsf2)
f:/iti/imt tools/sdk/sdk/winavr/bin/../lib/gcc/avr/4.3.3/avr5\libgcc.a(_ge_sf.o)
                              f:/iti/imt tools/sdk/sdk/winavr/bin/../lib/gcc/avr/4.3.3/avr5\libgcc.a(_fixunssfsi.o) (__gesf2)
f:/iti/imt tools/sdk/sdk/winavr/bin/../lib/gcc/avr/4.3.3/avr5\libgcc.a(_lt_sf.o)
                              ./LCD_program.o (__ltsf2)
f:/iti/imt tools/sdk/sdk/winavr/bin/../lib/gcc/avr/4.3.3/avr5\libgcc.a(_sf_to_si.o)
                              f:/iti/imt tools/sdk/sdk/winavr/bin/../lib/gcc/avr/4.3.3/avr5\libgcc.a(_fixunssfsi.o) (__fixsfsi)
f:/iti/imt tools/sdk/sdk/winavr/bin/../lib/gcc/avr/4.3.3/avr5\libgcc.a(_thenan_sf.o)
                              f:/iti/imt tools/sdk/sdk/winavr/bin/../lib/gcc/avr/4.3.3/avr5\libgcc.a(_addsub_sf.o) (__thenan_sf)
f:/iti/imt tools/sdk/sdk/winavr/bin/../lib/gcc/avr/4.3.3/avr5\libgcc.a(_prologue.o)
                              f:/iti/imt tools/sdk/sdk/winavr/bin/../lib/gcc/avr/4.3.3/avr5\libgcc.a(_addsub_sf.o) (__prologue_saves__)
f:/iti/imt tools/sdk/sdk/winavr/bin/../lib/gcc/avr/4.3.3/avr5\libgcc.a(_epilogue.o)
                              f:/iti/imt tools/sdk/sdk/winavr/bin/../lib/gcc/avr/4.3.3/avr5\libgcc.a(_addsub_sf.o) (__epilogue_restores__)
f:/iti/imt tools/sdk/sdk/winavr/bin/../lib/gcc/avr/4.3.3/avr5\libgcc.a(_pack_sf.o)
                              f:/iti/imt tools/sdk/sdk/winavr/bin/../lib/gcc/avr/4.3.3/avr5\libgcc.a(_addsub_sf.o) (__pack_f)
f:/iti/imt tools/sdk/sdk/winavr/bin/../lib/gcc/avr/4.3.3/avr5\libgcc.a(_unpack_sf.o)
                              f:/iti/imt tools/sdk/sdk/winavr/bin/../lib/gcc/avr/4.3.3/avr5\libgcc.a(_addsub_sf.o) (__unpack_f)
f:/iti/imt tools/sdk/sdk/winavr/bin/../lib/gcc/avr/4.3.3/avr5\libgcc.a(_fpcmp_parts_sf.o)
                              f:/iti/imt tools/sdk/sdk/winavr/bin/../lib/gcc/avr/4.3.3/avr5\libgcc.a(_gt_sf.o) (__fpcmp_parts_f)
f:/iti/imt tools/sdk/sdk/winavr/bin/../lib/gcc/avr/4.3.3/../../../../avr/lib/avr5\libc.a(memcpy.o)
                              ./queue.o (memcpy)
f:/iti/imt tools/sdk/sdk/winavr/bin/../lib/gcc/avr/4.3.3/../../../../avr/lib/avr5\libc.a(memset.o)
                              ./tasks.o (memset)
f:/iti/imt tools/sdk/sdk/winavr/bin/../lib/gcc/avr/4.3.3/../../../../avr/lib/avr5\libc.a(strncpy.o)
                              ./tasks.o (strncpy)

Allocating common symbols
Common symbol       size              file

LCDsem              0x2               ./main.o

Memory Configuration

Name             Origin             Length             Attributes
text             0x00000000         0x00020000         xr
data             0x00800060         0x0000ffa0         rw !x
eeprom           0x00810000         0x00010000         rw !x
fuse             0x00820000         0x00000400         rw !x
lock             0x00830000         0x00000400         rw !x
signature        0x00840000         0x00000400         rw !x
*default*        0x00000000         0xffffffff

Linker script and memory map

LOAD f:/iti/imt tools/sdk/sdk/winavr/bin/../lib/gcc/avr/4.3.3/../../../../avr/lib/avr5/crtm32.o
LOAD ./DIO_program.o
LOAD ./LCD_program.o
LOAD ./croutine.o
LOAD ./heap_1.o
LOAD ./list.o
LOAD ./main.o
LOAD ./port.o
LOAD ./queue.o
LOAD ./tasks.o
LOAD ./timers.o
LOAD f:/iti/imt tools/sdk/sdk/winavr/bin/../lib/gcc/avr/4.3.3/avr5\libgcc.a
LOAD f:/iti/imt tools/sdk/sdk/winavr/bin/../lib/gcc/avr/4.3.3/../../../../avr/lib/avr5\libc.a
LOAD f:/iti/imt tools/sdk/sdk/winavr/bin/../lib/gcc/avr/4.3.3/avr5\libgcc.a

.hash
 *(.hash)

.dynsym
 *(.dynsym)

.dynstr
 *(.dynstr)

.gnu.version
 *(.gnu.version)

.gnu.version_d
 *(.gnu.version_d)

.gnu.version_r
 *(.gnu.version_r)

.rel.init
 *(.rel.init)

.rela.init
 *(.rela.init)

.rel.text
 *(.rel.text)
 *(.rel.text.*)
 *(.rel.gnu.linkonce.t*)

.rela.text
 *(.rela.text)
 *(.rela.text.*)
 *(.rela.gnu.linkonce.t*)

.rel.fini
 *(.rel.fini)

.rela.fini
 *(.rela.fini)

.rel.rodata
 *(.rel.rodata)
 *(.rel.rodata.*)
 *(.rel.gnu.linkonce.r*)

.rela.rodata
 *(.rela.rodata)
 *(.rela.rodata.*)
 *(.rela.gnu.linkonce.r*)

.rel.data
 *(.rel.data)
 *(.rel.data.*)
 *(.rel.gnu.linkonce.d*)

.rela.data
 *(.rela.data)
 *(.rela.data.*)
 *(.rela.gnu.linkonce.d*)

.rel.ctors
 *(.rel.ctors)

.rela.ctors
 *(.rela.ctors)

.rel.dtors
 *(.rel.dtors)

.rela.dtors
 *(.rela.dtors)

.rel.got
 *(.rel.got)

.rela.got
 *(.rela.got)

.rel.bss
 *(.rel.bss)

.rela.bss
 *(.rela.bss)

.rel.plt
 *(.rel.plt)

.rela.plt
 *(.rela.plt)

.text           0x00000000     0x4844
 *(.vectors)
 .vectors       0x00000000       0x54 f:/iti/imt tools/sdk/sdk/winavr/bin/../lib/gcc/avr/4.3.3/../../../../avr/lib/avr5/crtm32.o
                0x00000000                __vectors
                0x00000000                __vector_default
 *(.vectors)
 *(.progmem.gcc*)
 *(.progmem*)
                0x00000054                . = ALIGN (0x2)
                0x00000054                __trampolines_start = .
 *(.trampolines)
 .trampolines   0x00000054        0x0 linker stubs
 *(.trampolines*)
                0x00000054                __trampolines_end = .
 *(.jumptables)
 *(.jumptables*)
 *(.lowtext)
 *(.lowtext*)
                0x00000054                __ctors_start = .
 *(.ctors)
                0x00000054                __ctors_end = .
                0x00000054                __dtors_start = .
 *(.dtors)
                0x00000054                __dtors_end = .
 SORT(*)(.ctors)
 SORT(*)(.dtors)
 *(.init0)
 .init0         0x00000054        0x0 f:/iti/imt tools/sdk/sdk/winavr/bin/../lib/gcc/avr/4.3.3/../../../../avr/lib/avr5/crtm32.o
                0x00000054                __init
 *(.init0)
 *(.init1)
 *(.init1)
 *(.init2)
 .init2         0x00000054        0xc f:/iti/imt tools/sdk/sdk/winavr/bin/../lib/gcc/avr/4.3.3/../../../../avr/lib/avr5/crtm32.o
 *(.init2)
 *(.init3)
 *(.init3)
 *(.init4)
 .init4         0x00000060       0x16 f:/iti/imt tools/sdk/sdk/winavr/bin/../lib/gcc/avr/4.3.3/avr5\libgcc.a(_copy_data.o)
                0x00000060                __do_copy_data
 .init4         0x00000076       0x10 f:/iti/imt tools/sdk/sdk/winavr/bin/../lib/gcc/avr/4.3.3/avr5\libgcc.a(_clear_bss.o)
                0x00000076                __do_clear_bss
 *(.init4)
 *(.init5)
 *(.init5)
 *(.init6)
 *(.init6)
 *(.init7)
 *(.init7)
 *(.init8)
 *(.init8)
 *(.init9)
 .init9         0x00000086        0x8 f:/iti/imt tools/sdk/sdk/winavr/bin/../lib/gcc/avr/4.3.3/../../../../avr/lib/avr5/crtm32.o
 *(.init9)
 *(.text)
 .text          0x0000008e        0x4 f:/iti/imt tools/sdk/sdk/winavr/bin/../lib/gcc/avr/4.3.3/../../../../avr/lib/avr5/crtm32.o
                0x0000008e                __vector_1
                0x0000008e                __vector_12
                0x0000008e                __bad_interrupt
                0x0000008e                __vector_6
                0x0000008e                __vector_3
                0x0000008e                __vector_11
                0x0000008e                __vector_13
                0x0000008e                __vector_17
                0x0000008e                __vector_19
                0x0000008e                __vector_5
                0x0000008e                __vector_4
                0x0000008e                __vector_9
                0x0000008e                __vector_2
                0x0000008e                __vector_15
                0x0000008e                __vector_8
                0x0000008e                __vector_14
                0x0000008e                __vector_10
                0x0000008e                __vector_16
                0x0000008e                __vector_18
                0x0000008e                __vector_20
 .text          0x00000092        0x0 ./DIO_program.o
 .text          0x00000092        0x0 ./LCD_program.o
 .text          0x00000092        0x0 ./croutine.o
 .text          0x00000092        0x0 ./heap_1.o
 .text          0x00000092        0x0 ./list.o
 .text          0x00000092        0x0 ./main.o
 .text          0x00000092        0x0 ./port.o
 .text          0x00000092        0x0 ./queue.o
 .text          0x00000092        0x0 ./tasks.o
 .text          0x00000092        0x0 ./timers.o
 .text          0x00000092        0x0 f:/iti/imt tools/sdk/sdk/winavr/bin/../lib/gcc/avr/4.3.3/avr5\libgcc.a(_udivmodqi4.o)
 .text          0x00000092        0x0 f:/iti/imt tools/sdk/sdk/winavr/bin/../lib/gcc/avr/4.3.3/avr5\libgcc.a(_exit.o)
 .text          0x00000092        0x0 f:/iti/imt tools/sdk/sdk/winavr/bin/../lib/gcc/avr/4.3.3/avr5\libgcc.a(_copy_data.o)
 .text          0x00000092        0x0 f:/iti/imt tools/sdk/sdk/winavr/bin/../lib/gcc/avr/4.3.3/avr5\libgcc.a(_clear_bss.o)
 .text          0x00000092       0x58 f:/iti/imt tools/sdk/sdk/winavr/bin/../lib/gcc/avr/4.3.3/avr5\libgcc.a(_fixunssfsi.o)
                0x00000092                __fixunssfsi
 .text          0x000000ea      0x354 f:/iti/imt tools/sdk/sdk/winavr/bin/../lib/gcc/avr/4.3.3/avr5\libgcc.a(_addsub_sf.o)
                0x00000382                __subsf3
                0x000003e4                __addsf3
 .text          0x0000043e      0x1f4 f:/iti/imt tools/sdk/sdk/winavr/bin/../lib/gcc/avr/4.3.3/avr5\libgcc.a(_mul_sf.o)
                0x0000043e                __mulsf3
 .text          0x00000632       0x60 f:/iti/imt tools/sdk/sdk/winavr/bin/../lib/gcc/avr/4.3.3/avr5\libgcc.a(_gt_sf.o)
                0x00000632                __gtsf2
 .text          0x00000692       0x60 f:/iti/imt tools/sdk/sdk/winavr/bin/../lib/gcc/avr/4.3.3/avr5\libgcc.a(_ge_sf.o)
                0x00000692                __gesf2
 .text          0x000006f2       0x60 f:/iti/imt tools/sdk/sdk/winavr/bin/../lib/gcc/avr/4.3.3/avr5\libgcc.a(_lt_sf.o)
                0x000006f2                __ltsf2
 .text          0x00000752       0xa8 f:/iti/imt tools/sdk/sdk/winavr/bin/../lib/gcc/avr/4.3.3/avr5\libgcc.a(_sf_to_si.o)
                0x00000752                __fixsfsi
 .text          0x000007fa        0x0 f:/iti/imt tools/sdk/sdk/winavr/bin/../lib/gcc/avr/4.3.3/avr5\libgcc.a(_thenan_sf.o)
 .text          0x000007fa        0x0 f:/iti/imt tools/sdk/sdk/winavr/bin/../lib/gcc/avr/4.3.3/avr5\libgcc.a(_prologue.o)
 .text          0x000007fa        0x0 f:/iti/imt tools/sdk/sdk/winavr/bin/../lib/gcc/avr/4.3.3/avr5\libgcc.a(_epilogue.o)
 .text          0x000007fa      0x1aa f:/iti/imt tools/sdk/sdk/winavr/bin/../lib/gcc/avr/4.3.3/avr5\libgcc.a(_pack_sf.o)
                0x000007fa                __pack_f
 .text          0x000009a4       0xf0 f:/iti/imt tools/sdk/sdk/winavr/bin/../lib/gcc/avr/4.3.3/avr5\libgcc.a(_unpack_sf.o)
                0x000009a4                __unpack_f
 .text          0x00000a94       0xb2 f:/iti/imt tools/sdk/sdk/winavr/bin/../lib/gcc/avr/4.3.3/avr5\libgcc.a(_fpcmp_parts_sf.o)
                0x00000a94                __fpcmp_parts_f
 .text          0x00000b46        0x0 f:/iti/imt tools/sdk/sdk/winavr/bin/../lib/gcc/avr/4.3.3/../../../../avr/lib/avr5\libc.a(memcpy.o)
 .text          0x00000b46        0x0 f:/iti/imt tools/sdk/sdk/winavr/bin/../lib/gcc/avr/4.3.3/../../../../avr/lib/avr5\libc.a(memset.o)
 .text          0x00000b46        0x0 f:/iti/imt tools/sdk/sdk/winavr/bin/../lib/gcc/avr/4.3.3/../../../../avr/lib/avr5\libc.a(strncpy.o)
                0x00000b46                . = ALIGN (0x2)
 *(.text.*)
 .text.DIO_VidSetPinDirection
                0x00000b46      0x200 ./DIO_program.o
                0x00000b46                DIO_VidSetPinDirection
 .text.DIO_VidSetPinValue
                0x00000d46      0x200 ./DIO_program.o
                0x00000d46                DIO_VidSetPinValue
 .text.DIO_VidGetPinValue
                0x00000f46       0xf4 ./DIO_program.o
                0x00000f46                DIO_VidGetPinValue
 .text.DIO_VidSetPortDirection
                0x0000103a       0xf2 ./DIO_program.o
                0x0000103a                DIO_VidSetPortDirection
 .text.DIO_VidSetPortValue
                0x0000112c       0x82 ./DIO_program.o
                0x0000112c                DIO_VidSetPortValue
 .text.DIO_VidTogglePin
                0x000011ae       0xfa ./DIO_program.o
                0x000011ae                DIO_VidTogglePin
 .text.DIO_u8GetPortValue
                0x000012a8       0x84 ./DIO_program.o
                0x000012a8                DIO_u8GetPortValue
 .text.LCD_VidInit
                0x0000132c      0x50a ./LCD_program.o
                0x0000132c                LCD_VidInit
 .text.LCD_VidSendData
                0x00001836      0x3e8 ./LCD_program.o
                0x00001836                LCD_VidSendData
 .text.LCD_VidSendCommand
                0x00001c1e      0x228 ./LCD_program.o
                0x00001c1e                LCD_VidSendCommand
 .text.LCD_VidSendString
                0x00001e46       0x52 ./LCD_program.o
                0x00001e46                LCD_VidSendString
 .text.LCD_VidSendNumber
                0x00001e98      0x180 ./LCD_program.o
                0x00001e98                LCD_VidSendNumber
 .text.LCD_VidSetPosition
                0x00002018       0x34 ./LCD_program.o
                0x00002018                LCD_VidSetPosition
 .text.LCD_VidClear
                0x0000204c       0x14 ./LCD_program.o
                0x0000204c                LCD_VidClear
 .text.LCD_VidShiftRight
                0x00002060       0x14 ./LCD_program.o
                0x00002060                LCD_VidShiftRight
 .text.LCD_VidShiftLeft
                0x00002074       0x14 ./LCD_program.o
                0x00002074                LCD_VidShiftLeft
 .text.LCD_voidReturnHome
                0x00002088       0x14 ./LCD_program.o
                0x00002088                LCD_voidReturnHome
 .text.xCoRoutineCreate
                0x0000209c      0x128 ./croutine.o
                0x0000209c                xCoRoutineCreate
 .text.vCoRoutineAddToDelayedList
                0x000021c4       0xc2 ./croutine.o
                0x000021c4                vCoRoutineAddToDelayedList
 .text.prvCheckPendingReadyList
                0x00002286       0x94 ./croutine.o
 .text.prvCheckDelayedList
                0x0000231a      0x15c ./croutine.o
 .text.vCoRoutineSchedule
                0x00002476       0xf4 ./croutine.o
                0x00002476                vCoRoutineSchedule
 .text.prvInitialiseCoRoutineLists
                0x0000256a       0x72 ./croutine.o
 .text.xCoRoutineRemoveFromEventList
                0x000025dc       0x70 ./croutine.o
                0x000025dc                xCoRoutineRemoveFromEventList
 .text.pvPortMalloc
                0x0000264c       0x8c ./heap_1.o
                0x0000264c                pvPortMalloc
 .text.vPortFree
                0x000026d8       0x18 ./heap_1.o
                0x000026d8                vPortFree
 .text.vPortInitialiseBlocks
                0x000026f0       0x16 ./heap_1.o
                0x000026f0                vPortInitialiseBlocks
 .text.xPortGetFreeHeapSize
                0x00002706       0x1e ./heap_1.o
                0x00002706                xPortGetFreeHeapSize
 .text.vListInitialise
                0x00002724       0x54 ./list.o
                0x00002724                vListInitialise
 .text.vListInitialiseItem
                0x00002778       0x20 ./list.o
                0x00002778                vListInitialiseItem
 .text.vListInsertEnd
                0x00002798       0x98 ./list.o
                0x00002798                vListInsertEnd
 .text.vListInsert
                0x00002830       0xd8 ./list.o
                0x00002830                vListInsert
 .text.vListRemove
                0x00002908       0x92 ./list.o
                0x00002908                vListRemove
 .text.LCDTASK1
                0x0000299a       0x56 ./main.o
                0x0000299a                LCDTASK1
 .text.LCDTASK2
                0x000029f0       0x56 ./main.o
                0x000029f0                LCDTASK2
 .text.main     0x00002a46       0xba ./main.o
                0x00002a46                main
 .text.pxPortInitialiseStack
                0x00002b00      0x306 ./port.o
                0x00002b00                pxPortInitialiseStack
 .text.xPortStartScheduler
                0x00002e06       0x6a ./port.o
                0x00002e06                xPortStartScheduler
 .text.vPortEndScheduler
                0x00002e70        0xe ./port.o
                0x00002e70                vPortEndScheduler
 .text.vPortYield
                0x00002e7e       0xb2 ./port.o
                0x00002e7e                vPortYield
 .text.vPortYieldFromTick
                0x00002f30       0xb6 ./port.o
                0x00002f30                vPortYieldFromTick
 .text.prvSetupTimerInterrupt
                0x00002fe6       0xb8 ./port.o
 .text.__vector_7
                0x0000309e        0x6 ./port.o
                0x0000309e                __vector_7
 .text.xQueueCreate
                0x000030a4      0x152 ./queue.o
                0x000030a4                xQueueCreate
 .text.xQueueGenericSend
                0x000031f6      0x13c ./queue.o
                0x000031f6                xQueueGenericSend
 .text.xQueueGenericSendFromISR
                0x00003332       0x9a ./queue.o
                0x00003332                xQueueGenericSendFromISR
 .text.xQueueGenericReceive
                0x000033cc      0x180 ./queue.o
                0x000033cc                xQueueGenericReceive
 .text.xQueueReceiveFromISR
                0x0000354c       0x9e ./queue.o
                0x0000354c                xQueueReceiveFromISR
 .text.uxQueueMessagesWaiting
                0x000035ea       0x30 ./queue.o
                0x000035ea                uxQueueMessagesWaiting
 .text.uxQueueMessagesWaitingFromISR
                0x0000361a       0x26 ./queue.o
                0x0000361a                uxQueueMessagesWaitingFromISR
 .text.vQueueDelete
                0x00003640       0x2c ./queue.o
                0x00003640                vQueueDelete
 .text.prvCopyDataToQueue
                0x0000366c      0x12a ./queue.o
 .text.prvCopyDataFromQueue
                0x00003796       0x90 ./queue.o
 .text.prvUnlockQueue
                0x00003826       0xa8 ./queue.o
 .text.prvIsQueueEmpty
                0x000038ce       0x38 ./queue.o
 .text.xQueueIsQueueEmptyFromISR
                0x00003906       0x2e ./queue.o
                0x00003906                xQueueIsQueueEmptyFromISR
 .text.prvIsQueueFull
                0x00003934       0x3e ./queue.o
 .text.xQueueIsQueueFullFromISR
                0x00003972       0x34 ./queue.o
                0x00003972                xQueueIsQueueFullFromISR
 .text.xTaskGenericCreate
                0x000039a6      0x1da ./tasks.o
                0x000039a6                xTaskGenericCreate
 .text.vTaskDelete
                0x00003b80       0xc6 ./tasks.o
                0x00003b80                vTaskDelete
 .text.vTaskDelayUntil
                0x00003c46       0xe8 ./tasks.o
                0x00003c46                vTaskDelayUntil
 .text.vTaskDelay
                0x00003d2e       0x6a ./tasks.o
                0x00003d2e                vTaskDelay
 .text.vTaskStartScheduler
                0x00003d98       0x6e ./tasks.o
                0x00003d98                vTaskStartScheduler
 .text.vTaskEndScheduler
                0x00003e06       0x18 ./tasks.o
                0x00003e06                vTaskEndScheduler
 .text.vTaskSuspendAll
                0x00003e1e       0x18 ./tasks.o
                0x00003e1e                vTaskSuspendAll
 .text.xTaskResumeAll
                0x00003e36      0x114 ./tasks.o
                0x00003e36                xTaskResumeAll
 .text.xTaskGetTickCount
                0x00003f4a       0x2e ./tasks.o
                0x00003f4a                xTaskGetTickCount
 .text.xTaskGetTickCountFromISR
                0x00003f78       0x2a ./tasks.o
                0x00003f78                xTaskGetTickCountFromISR
 .text.uxTaskGetNumberOfTasks
                0x00003fa2       0x12 ./tasks.o
                0x00003fa2                uxTaskGetNumberOfTasks
 .text.vTaskIncrementTick
                0x00003fb4      0x1aa ./tasks.o
                0x00003fb4                vTaskIncrementTick
 .text.vTaskSwitchContext
                0x0000415e       0xcc ./tasks.o
                0x0000415e                vTaskSwitchContext
 .text.vTaskPlaceOnEventList
                0x0000422a       0x6c ./tasks.o
                0x0000422a                vTaskPlaceOnEventList
 .text.xTaskRemoveFromEventList
                0x00004296       0xd0 ./tasks.o
                0x00004296                xTaskRemoveFromEventList
 .text.vTaskSetTimeOutState
                0x00004366       0x32 ./tasks.o
                0x00004366                vTaskSetTimeOutState
 .text.xTaskCheckForTimeOut
                0x00004398       0xba ./tasks.o
                0x00004398                xTaskCheckForTimeOut
 .text.vTaskMissedYield
                0x00004452       0x14 ./tasks.o
                0x00004452                vTaskMissedYield
 .text.prvIdleTask
                0x00004466       0x14 ./tasks.o
 .text.prvInitialiseTCBVariables
                0x0000447a       0xae ./tasks.o
 .text.prvInitialiseTaskLists
                0x00004528       0x7a ./tasks.o
 .text.prvCheckTasksWaitingTermination
                0x000045a2       0x7c ./tasks.o
 .text.prvAddCurrentTaskToDelayedList
                0x0000461e       0x92 ./tasks.o
 .text.prvAllocateTCBAndStack
                0x000046b0       0xa0 ./tasks.o
 .text.prvDeleteTCB
                0x00004750       0x2c ./tasks.o
 .text.libgcc   0x0000477c       0x18 f:/iti/imt tools/sdk/sdk/winavr/bin/../lib/gcc/avr/4.3.3/avr5\libgcc.a(_udivmodqi4.o)
                0x0000477c                __udivmodqi4
 .text.libgcc   0x00004794        0x0 f:/iti/imt tools/sdk/sdk/winavr/bin/../lib/gcc/avr/4.3.3/avr5\libgcc.a(_exit.o)
 .text.libgcc   0x00004794        0x0 f:/iti/imt tools/sdk/sdk/winavr/bin/../lib/gcc/avr/4.3.3/avr5\libgcc.a(_copy_data.o)
 .text.libgcc   0x00004794        0x0 f:/iti/imt tools/sdk/sdk/winavr/bin/../lib/gcc/avr/4.3.3/avr5\libgcc.a(_clear_bss.o)
 .text.libgcc   0x00004794       0x38 f:/iti/imt tools/sdk/sdk/winavr/bin/../lib/gcc/avr/4.3.3/avr5\libgcc.a(_prologue.o)
                0x00004794                __prologue_saves__
 .text.libgcc   0x000047cc       0x36 f:/iti/imt tools/sdk/sdk/winavr/bin/../lib/gcc/avr/4.3.3/avr5\libgcc.a(_epilogue.o)
                0x000047cc                __epilogue_restores__
 .text.avr-libc
                0x00004802       0x12 f:/iti/imt tools/sdk/sdk/winavr/bin/../lib/gcc/avr/4.3.3/../../../../avr/lib/avr5\libc.a(memcpy.o)
                0x00004802                memcpy
 .text.avr-libc
                0x00004814        0xe f:/iti/imt tools/sdk/sdk/winavr/bin/../lib/gcc/avr/4.3.3/../../../../avr/lib/avr5\libc.a(memset.o)
                0x00004814                memset
 .text.avr-libc
                0x00004822       0x1e f:/iti/imt tools/sdk/sdk/winavr/bin/../lib/gcc/avr/4.3.3/../../../../avr/lib/avr5\libc.a(strncpy.o)
                0x00004822                strncpy
                0x00004840                . = ALIGN (0x2)
 *(.fini9)
 .fini9         0x00004840        0x0 f:/iti/imt tools/sdk/sdk/winavr/bin/../lib/gcc/avr/4.3.3/avr5\libgcc.a(_exit.o)
                0x00004840                exit
                0x00004840                _exit
 *(.fini9)
 *(.fini8)
 *(.fini8)
 *(.fini7)
 *(.fini7)
 *(.fini6)
 *(.fini6)
 *(.fini5)
 *(.fini5)
 *(.fini4)
 *(.fini4)
 *(.fini3)
 *(.fini3)
 *(.fini2)
 *(.fini2)
 *(.fini1)
 *(.fini1)
 *(.fini0)
 .fini0         0x00004840        0x4 f:/iti/imt tools/sdk/sdk/winavr/bin/../lib/gcc/avr/4.3.3/avr5\libgcc.a(_exit.o)
 *(.fini0)
                0x00004844                _etext = .

.data           0x00800060       0x30 load address 0x00004844
                0x00800060                PROVIDE (__data_start, .)
 *(.data)
 .data          0x00800060        0x0 f:/iti/imt tools/sdk/sdk/winavr/bin/../lib/gcc/avr/4.3.3/../../../../avr/lib/avr5/crtm32.o
 .data          0x00800060        0x0 ./DIO_program.o
 .data          0x00800060        0x0 ./LCD_program.o
 .data          0x00800060        0x0 ./croutine.o
 .data          0x00800060        0x0 ./heap_1.o
 .data          0x00800060        0x0 ./list.o
 .data          0x00800060       0x21 ./main.o
 .data          0x00800081        0x0 ./port.o
 .data          0x00800081        0x0 ./queue.o
 .data          0x00800081        0x5 ./tasks.o
 .data          0x00800086        0x0 ./timers.o
 .data          0x00800086        0x0 f:/iti/imt tools/sdk/sdk/winavr/bin/../lib/gcc/avr/4.3.3/avr5\libgcc.a(_udivmodqi4.o)
 .data          0x00800086        0x0 f:/iti/imt tools/sdk/sdk/winavr/bin/../lib/gcc/avr/4.3.3/avr5\libgcc.a(_exit.o)
 .data          0x00800086        0x0 f:/iti/imt tools/sdk/sdk/winavr/bin/../lib/gcc/avr/4.3.3/avr5\libgcc.a(_copy_data.o)
 .data          0x00800086        0x0 f:/iti/imt tools/sdk/sdk/winavr/bin/../lib/gcc/avr/4.3.3/avr5\libgcc.a(_clear_bss.o)
 .data          0x00800086        0x0 f:/iti/imt tools/sdk/sdk/winavr/bin/../lib/gcc/avr/4.3.3/avr5\libgcc.a(_fixunssfsi.o)
 .data          0x00800086        0x0 f:/iti/imt tools/sdk/sdk/winavr/bin/../lib/gcc/avr/4.3.3/avr5\libgcc.a(_addsub_sf.o)
 .data          0x00800086        0x0 f:/iti/imt tools/sdk/sdk/winavr/bin/../lib/gcc/avr/4.3.3/avr5\libgcc.a(_mul_sf.o)
 .data          0x00800086        0x0 f:/iti/imt tools/sdk/sdk/winavr/bin/../lib/gcc/avr/4.3.3/avr5\libgcc.a(_gt_sf.o)
 .data          0x00800086        0x0 f:/iti/imt tools/sdk/sdk/winavr/bin/../lib/gcc/avr/4.3.3/avr5\libgcc.a(_ge_sf.o)
 .data          0x00800086        0x0 f:/iti/imt tools/sdk/sdk/winavr/bin/../lib/gcc/avr/4.3.3/avr5\libgcc.a(_lt_sf.o)
 .data          0x00800086        0x0 f:/iti/imt tools/sdk/sdk/winavr/bin/../lib/gcc/avr/4.3.3/avr5\libgcc.a(_sf_to_si.o)
 .data          0x00800086        0x8 f:/iti/imt tools/sdk/sdk/winavr/bin/../lib/gcc/avr/4.3.3/avr5\libgcc.a(_thenan_sf.o)
                0x00800086                __thenan_sf
 .data          0x0080008e        0x0 f:/iti/imt tools/sdk/sdk/winavr/bin/../lib/gcc/avr/4.3.3/avr5\libgcc.a(_prologue.o)
 .data          0x0080008e        0x0 f:/iti/imt tools/sdk/sdk/winavr/bin/../lib/gcc/avr/4.3.3/avr5\libgcc.a(_epilogue.o)
 .data          0x0080008e        0x0 f:/iti/imt tools/sdk/sdk/winavr/bin/../lib/gcc/avr/4.3.3/avr5\libgcc.a(_pack_sf.o)
 .data          0x0080008e        0x0 f:/iti/imt tools/sdk/sdk/winavr/bin/../lib/gcc/avr/4.3.3/avr5\libgcc.a(_unpack_sf.o)
 .data          0x0080008e        0x0 f:/iti/imt tools/sdk/sdk/winavr/bin/../lib/gcc/avr/4.3.3/avr5\libgcc.a(_fpcmp_parts_sf.o)
 .data          0x0080008e        0x0 f:/iti/imt tools/sdk/sdk/winavr/bin/../lib/gcc/avr/4.3.3/../../../../avr/lib/avr5\libc.a(memcpy.o)
 .data          0x0080008e        0x0 f:/iti/imt tools/sdk/sdk/winavr/bin/../lib/gcc/avr/4.3.3/../../../../avr/lib/avr5\libc.a(memset.o)
 .data          0x0080008e        0x0 f:/iti/imt tools/sdk/sdk/winavr/bin/../lib/gcc/avr/4.3.3/../../../../avr/lib/avr5\libc.a(strncpy.o)
 *(.data*)
 .data.xNextTaskUnblockTime
                0x0080008e        0x2 ./tasks.o
 *(.rodata)
 *(.rodata*)
 *(.gnu.linkonce.d*)
                0x00800090                . = ALIGN (0x2)
                0x00800090                _edata = .
                0x00800090                PROVIDE (__data_end, .)

.bss            0x00800090      0x575
                0x00800090                PROVIDE (__bss_start, .)
 *(.bss)
 .bss           0x00800090        0x0 f:/iti/imt tools/sdk/sdk/winavr/bin/../lib/gcc/avr/4.3.3/../../../../avr/lib/avr5/crtm32.o
 .bss           0x00800090        0x0 ./DIO_program.o
 .bss           0x00800090        0x0 ./LCD_program.o
 .bss           0x00800090        0x0 ./croutine.o
 .bss           0x00800090        0x0 ./heap_1.o
 .bss           0x00800090        0x0 ./list.o
 .bss           0x00800090        0x0 ./main.o
 .bss           0x00800090        0x0 ./port.o
 .bss           0x00800090        0x0 ./queue.o
 .bss           0x00800090        0x0 ./tasks.o
 .bss           0x00800090        0x0 ./timers.o
 .bss           0x00800090        0x0 f:/iti/imt tools/sdk/sdk/winavr/bin/../lib/gcc/avr/4.3.3/avr5\libgcc.a(_udivmodqi4.o)
 .bss           0x00800090        0x0 f:/iti/imt tools/sdk/sdk/winavr/bin/../lib/gcc/avr/4.3.3/avr5\libgcc.a(_exit.o)
 .bss           0x00800090        0x0 f:/iti/imt tools/sdk/sdk/winavr/bin/../lib/gcc/avr/4.3.3/avr5\libgcc.a(_copy_data.o)
 .bss           0x00800090        0x0 f:/iti/imt tools/sdk/sdk/winavr/bin/../lib/gcc/avr/4.3.3/avr5\libgcc.a(_clear_bss.o)
 .bss           0x00800090        0x0 f:/iti/imt tools/sdk/sdk/winavr/bin/../lib/gcc/avr/4.3.3/avr5\libgcc.a(_fixunssfsi.o)
 .bss           0x00800090        0x0 f:/iti/imt tools/sdk/sdk/winavr/bin/../lib/gcc/avr/4.3.3/avr5\libgcc.a(_addsub_sf.o)
 .bss           0x00800090        0x0 f:/iti/imt tools/sdk/sdk/winavr/bin/../lib/gcc/avr/4.3.3/avr5\libgcc.a(_mul_sf.o)
 .bss           0x00800090        0x0 f:/iti/imt tools/sdk/sdk/winavr/bin/../lib/gcc/avr/4.3.3/avr5\libgcc.a(_gt_sf.o)
 .bss           0x00800090        0x0 f:/iti/imt tools/sdk/sdk/winavr/bin/../lib/gcc/avr/4.3.3/avr5\libgcc.a(_ge_sf.o)
 .bss           0x00800090        0x0 f:/iti/imt tools/sdk/sdk/winavr/bin/../lib/gcc/avr/4.3.3/avr5\libgcc.a(_lt_sf.o)
 .bss           0x00800090        0x0 f:/iti/imt tools/sdk/sdk/winavr/bin/../lib/gcc/avr/4.3.3/avr5\libgcc.a(_sf_to_si.o)
 .bss           0x00800090        0x0 f:/iti/imt tools/sdk/sdk/winavr/bin/../lib/gcc/avr/4.3.3/avr5\libgcc.a(_thenan_sf.o)
 .bss           0x00800090        0x0 f:/iti/imt tools/sdk/sdk/winavr/bin/../lib/gcc/avr/4.3.3/avr5\libgcc.a(_prologue.o)
 .bss           0x00800090        0x0 f:/iti/imt tools/sdk/sdk/winavr/bin/../lib/gcc/avr/4.3.3/avr5\libgcc.a(_epilogue.o)
 .bss           0x00800090        0x0 f:/iti/imt tools/sdk/sdk/winavr/bin/../lib/gcc/avr/4.3.3/avr5\libgcc.a(_pack_sf.o)
 .bss           0x00800090        0x0 f:/iti/imt tools/sdk/sdk/winavr/bin/../lib/gcc/avr/4.3.3/avr5\libgcc.a(_unpack_sf.o)
 .bss           0x00800090        0x0 f:/iti/imt tools/sdk/sdk/winavr/bin/../lib/gcc/avr/4.3.3/avr5\libgcc.a(_fpcmp_parts_sf.o)
 .bss           0x00800090        0x0 f:/iti/imt tools/sdk/sdk/winavr/bin/../lib/gcc/avr/4.3.3/../../../../avr/lib/avr5\libc.a(memcpy.o)
 .bss           0x00800090        0x0 f:/iti/imt tools/sdk/sdk/winavr/bin/../lib/gcc/avr/4.3.3/../../../../avr/lib/avr5\libc.a(memset.o)
 .bss           0x00800090        0x0 f:/iti/imt tools/sdk/sdk/winavr/bin/../lib/gcc/avr/4.3.3/../../../../avr/lib/avr5\libc.a(strncpy.o)
 *(.bss*)
 .bss.pxCurrentCoRoutine
                0x00800090        0x2 ./croutine.o
                0x00800090                pxCurrentCoRoutine
 .bss.uxTopCoRoutineReadyPriority
                0x00800092        0x1 ./croutine.o
 .bss.xCoRoutineTickCount
                0x00800093        0x2 ./croutine.o
 .bss.xLastTickCount
                0x00800095        0x2 ./croutine.o
 .bss.xPassedTicks
                0x00800097        0x2 ./croutine.o
 .bss.pxReadyCoRoutineLists
                0x00800099       0x12 ./croutine.o
 .bss.xDelayedCoRoutineList1
                0x008000ab        0x9 ./croutine.o
 .bss.xDelayedCoRoutineList2
                0x008000b4        0x9 ./croutine.o
 .bss.pxDelayedCoRoutineList
                0x008000bd        0x2 ./croutine.o
 .bss.pxOverflowDelayedCoRoutineList
                0x008000bf        0x2 ./croutine.o
 .bss.xPendingReadyCoRoutineList
                0x008000c1        0x9 ./croutine.o
 .bss.xNextFreeByte
                0x008000ca        0x2 ./heap_1.o
 .bss.xHeap     0x008000cc      0x4b0 ./heap_1.o
 .bss.pxCurrentTCB
                0x0080057c        0x2 ./tasks.o
                0x0080057c                pxCurrentTCB
 .bss.uxTasksDeleted
                0x0080057e        0x1 ./tasks.o
 .bss.uxCurrentNumberOfTasks
                0x0080057f        0x1 ./tasks.o
 .bss.xTickCount
                0x00800580        0x2 ./tasks.o
 .bss.uxTopUsedPriority
                0x00800582        0x1 ./tasks.o
 .bss.uxTopReadyPriority
                0x00800583        0x1 ./tasks.o
 .bss.xSchedulerRunning
                0x00800584        0x1 ./tasks.o
 .bss.uxSchedulerSuspended
                0x00800585        0x1 ./tasks.o
 .bss.uxMissedTicks
                0x00800586        0x1 ./tasks.o
 .bss.xMissedYield
                0x00800587        0x1 ./tasks.o
 .bss.xNumOfOverflows
                0x00800588        0x1 ./tasks.o
 .bss.uxTaskNumber
                0x00800589        0x1 ./tasks.o
 .bss.pxReadyTasksLists
                0x0080058a       0x51 ./tasks.o
 .bss.xDelayedTaskList1
                0x008005db        0x9 ./tasks.o
 .bss.xDelayedTaskList2
                0x008005e4        0x9 ./tasks.o
 .bss.pxDelayedTaskList
                0x008005ed        0x2 ./tasks.o
 .bss.pxOverflowDelayedTaskList
                0x008005ef        0x2 ./tasks.o
 .bss.xPendingReadyList
                0x008005f1        0x9 ./tasks.o
 .bss.xTasksWaitingTermination
                0x008005fa        0x9 ./tasks.o
 *(COMMON)
 COMMON         0x00800603        0x2 ./main.o
                0x00800603                LCDsem
                0x00800605                PROVIDE (__bss_end, .)
                0x00004844                __data_load_start = LOADADDR (.data)
                0x00004874                __data_load_end = (__data_load_start + SIZEOF (.data))

.noinit         0x00800605        0x0
                0x00800605                PROVIDE (__noinit_start, .)
 *(.noinit*)
                0x00800605                PROVIDE (__noinit_end, .)
                0x00800605                _end = .
                0x00800605                PROVIDE (__heap_start, .)

.eeprom         0x00810000        0x0
 *(.eeprom*)
                0x00810000                __eeprom_end = .

.fuse
 *(.fuse)
 *(.lfuse)
 *(.hfuse)
 *(.efuse)

.lock
 *(.lock*)

.signature
 *(.signature*)

.stab           0x00000000     0x5820
 *(.stab)
 .stab          0x00000000      0x624 ./DIO_program.o
 .stab          0x00000624      0xedc ./LCD_program.o
                                0xf54 (size before relaxing)
 .stab          0x00001500      0x9b4 ./croutine.o
                                0xb40 (size before relaxing)
 .stab          0x00001eb4      0x354 ./heap_1.o
                                0x624 (size before relaxing)
 .stab          0x00002208      0x474 ./list.o
                                0x750 (size before relaxing)
 .stab          0x0000267c      0x3a8 ./main.o
                                0x714 (size before relaxing)
 .stab          0x00002a24      0x840 ./port.o
                                0xb70 (size before relaxing)
 .stab          0x00003264      0xe94 ./queue.o
                               0x11d0 (size before relaxing)
 .stab          0x000040f8     0x1578 ./tasks.o
                               0x17d0 (size before relaxing)
 .stab          0x00005670      0x1b0 ./timers.o
                                0x4c8 (size before relaxing)

.stabstr        0x00000000     0x2f6c
 *(.stabstr)
 .stabstr       0x00000000     0x2f6c ./DIO_program.o

.stab.excl
 *(.stab.excl)

.stab.exclstr
 *(.stab.exclstr)

.stab.index
 *(.stab.index)

.stab.indexstr
 *(.stab.indexstr)

.comment
 *(.comment)

.debug
 *(.debug)

.line
 *(.line)

.debug_srcinfo
 *(.debug_srcinfo)

.debug_sfnames
 *(.debug_sfnames)

.debug_aranges  0x00000000      0x140
 *(.debug_aranges)
 .debug_aranges
                0x00000000       0x20 f:/iti/imt tools/sdk/sdk/winavr/bin/../lib/gcc/avr/4.3.3/avr5\libgcc.a(_fixunssfsi.o)
 .debug_aranges
                0x00000020       0x20 f:/iti/imt tools/sdk/sdk/winavr/bin/../lib/gcc/avr/4.3.3/avr5\libgcc.a(_addsub_sf.o)
 .debug_aranges
                0x00000040       0x20 f:/iti/imt tools/sdk/sdk/winavr/bin/../lib/gcc/avr/4.3.3/avr5\libgcc.a(_mul_sf.o)
 .debug_aranges
                0x00000060       0x20 f:/iti/imt tools/sdk/sdk/winavr/bin/../lib/gcc/avr/4.3.3/avr5\libgcc.a(_gt_sf.o)
 .debug_aranges
                0x00000080       0x20 f:/iti/imt tools/sdk/sdk/winavr/bin/../lib/gcc/avr/4.3.3/avr5\libgcc.a(_ge_sf.o)
 .debug_aranges
                0x000000a0       0x20 f:/iti/imt tools/sdk/sdk/winavr/bin/../lib/gcc/avr/4.3.3/avr5\libgcc.a(_lt_sf.o)
 .debug_aranges
                0x000000c0       0x20 f:/iti/imt tools/sdk/sdk/winavr/bin/../lib/gcc/avr/4.3.3/avr5\libgcc.a(_sf_to_si.o)
 .debug_aranges
                0x000000e0       0x20 f:/iti/imt tools/sdk/sdk/winavr/bin/../lib/gcc/avr/4.3.3/avr5\libgcc.a(_pack_sf.o)
 .debug_aranges
                0x00000100       0x20 f:/iti/imt tools/sdk/sdk/winavr/bin/../lib/gcc/avr/4.3.3/avr5\libgcc.a(_unpack_sf.o)
 .debug_aranges
                0x00000120       0x20 f:/iti/imt tools/sdk/sdk/winavr/bin/../lib/gcc/avr/4.3.3/avr5\libgcc.a(_fpcmp_parts_sf.o)

.debug_pubnames
                0x00000000      0x170
 *(.debug_pubnames)
 .debug_pubnames
                0x00000000       0x23 f:/iti/imt tools/sdk/sdk/winavr/bin/../lib/gcc/avr/4.3.3/avr5\libgcc.a(_fixunssfsi.o)
 .debug_pubnames
                0x00000023       0x2c f:/iti/imt tools/sdk/sdk/winavr/bin/../lib/gcc/avr/4.3.3/avr5\libgcc.a(_addsub_sf.o)
 .debug_pubnames
                0x0000004f       0x1f f:/iti/imt tools/sdk/sdk/winavr/bin/../lib/gcc/avr/4.3.3/avr5\libgcc.a(_mul_sf.o)
 .debug_pubnames
                0x0000006e       0x1e f:/iti/imt tools/sdk/sdk/winavr/bin/../lib/gcc/avr/4.3.3/avr5\libgcc.a(_gt_sf.o)
 .debug_pubnames
                0x0000008c       0x1e f:/iti/imt tools/sdk/sdk/winavr/bin/../lib/gcc/avr/4.3.3/avr5\libgcc.a(_ge_sf.o)
 .debug_pubnames
                0x000000aa       0x1e f:/iti/imt tools/sdk/sdk/winavr/bin/../lib/gcc/avr/4.3.3/avr5\libgcc.a(_lt_sf.o)
 .debug_pubnames
                0x000000c8       0x20 f:/iti/imt tools/sdk/sdk/winavr/bin/../lib/gcc/avr/4.3.3/avr5\libgcc.a(_sf_to_si.o)
 .debug_pubnames
                0x000000e8       0x22 f:/iti/imt tools/sdk/sdk/winavr/bin/../lib/gcc/avr/4.3.3/avr5\libgcc.a(_thenan_sf.o)
 .debug_pubnames
                0x0000010a       0x1f f:/iti/imt tools/sdk/sdk/winavr/bin/../lib/gcc/avr/4.3.3/avr5\libgcc.a(_pack_sf.o)
 .debug_pubnames
                0x00000129       0x21 f:/iti/imt tools/sdk/sdk/winavr/bin/../lib/gcc/avr/4.3.3/avr5\libgcc.a(_unpack_sf.o)
 .debug_pubnames
                0x0000014a       0x26 f:/iti/imt tools/sdk/sdk/winavr/bin/../lib/gcc/avr/4.3.3/avr5\libgcc.a(_fpcmp_parts_sf.o)

.debug_info     0x00000000     0x1c49
 *(.debug_info)
 .debug_info    0x00000000       0xb1 f:/iti/imt tools/sdk/sdk/winavr/bin/../lib/gcc/avr/4.3.3/avr5\libgcc.a(_fixunssfsi.o)
 .debug_info    0x000000b1      0x47a f:/iti/imt tools/sdk/sdk/winavr/bin/../lib/gcc/avr/4.3.3/avr5\libgcc.a(_addsub_sf.o)
 .debug_info    0x0000052b      0x485 f:/iti/imt tools/sdk/sdk/winavr/bin/../lib/gcc/avr/4.3.3/avr5\libgcc.a(_mul_sf.o)
 .debug_info    0x000009b0      0x27f f:/iti/imt tools/sdk/sdk/winavr/bin/../lib/gcc/avr/4.3.3/avr5\libgcc.a(_gt_sf.o)
 .debug_info    0x00000c2f      0x27f f:/iti/imt tools/sdk/sdk/winavr/bin/../lib/gcc/avr/4.3.3/avr5\libgcc.a(_ge_sf.o)
 .debug_info    0x00000eae      0x27f f:/iti/imt tools/sdk/sdk/winavr/bin/../lib/gcc/avr/4.3.3/avr5\libgcc.a(_lt_sf.o)
 .debug_info    0x0000112d      0x2b0 f:/iti/imt tools/sdk/sdk/winavr/bin/../lib/gcc/avr/4.3.3/avr5\libgcc.a(_sf_to_si.o)
 .debug_info    0x000013dd      0x12c f:/iti/imt tools/sdk/sdk/winavr/bin/../lib/gcc/avr/4.3.3/avr5\libgcc.a(_thenan_sf.o)
 .debug_info    0x00001509      0x2df f:/iti/imt tools/sdk/sdk/winavr/bin/../lib/gcc/avr/4.3.3/avr5\libgcc.a(_pack_sf.o)
 .debug_info    0x000017e8      0x251 f:/iti/imt tools/sdk/sdk/winavr/bin/../lib/gcc/avr/4.3.3/avr5\libgcc.a(_unpack_sf.o)
 .debug_info    0x00001a39      0x210 f:/iti/imt tools/sdk/sdk/winavr/bin/../lib/gcc/avr/4.3.3/avr5\libgcc.a(_fpcmp_parts_sf.o)
 *(.gnu.linkonce.wi.*)

.debug_abbrev   0x00000000      0xeeb
 *(.debug_abbrev)
 .debug_abbrev  0x00000000       0x5d f:/iti/imt tools/sdk/sdk/winavr/bin/../lib/gcc/avr/4.3.3/avr5\libgcc.a(_fixunssfsi.o)
 .debug_abbrev  0x0000005d      0x1ea f:/iti/imt tools/sdk/sdk/winavr/bin/../lib/gcc/avr/4.3.3/avr5\libgcc.a(_addsub_sf.o)
 .debug_abbrev  0x00000247      0x21b f:/iti/imt tools/sdk/sdk/winavr/bin/../lib/gcc/avr/4.3.3/avr5\libgcc.a(_mul_sf.o)
 .debug_abbrev  0x00000462      0x15a f:/iti/imt tools/sdk/sdk/winavr/bin/../lib/gcc/avr/4.3.3/avr5\libgcc.a(_gt_sf.o)
 .debug_abbrev  0x000005bc      0x15a f:/iti/imt tools/sdk/sdk/winavr/bin/../lib/gcc/avr/4.3.3/avr5\libgcc.a(_ge_sf.o)
 .debug_abbrev  0x00000716      0x15a f:/iti/imt tools/sdk/sdk/winavr/bin/../lib/gcc/avr/4.3.3/avr5\libgcc.a(_lt_sf.o)
 .debug_abbrev  0x00000870      0x17f f:/iti/imt tools/sdk/sdk/winavr/bin/../lib/gcc/avr/4.3.3/avr5\libgcc.a(_sf_to_si.o)
 .debug_abbrev  0x000009ef       0xad f:/iti/imt tools/sdk/sdk/winavr/bin/../lib/gcc/avr/4.3.3/avr5\libgcc.a(_thenan_sf.o)
 .debug_abbrev  0x00000a9c      0x1c0 f:/iti/imt tools/sdk/sdk/winavr/bin/../lib/gcc/avr/4.3.3/avr5\libgcc.a(_pack_sf.o)
 .debug_abbrev  0x00000c5c      0x154 f:/iti/imt tools/sdk/sdk/winavr/bin/../lib/gcc/avr/4.3.3/avr5\libgcc.a(_unpack_sf.o)
 .debug_abbrev  0x00000db0      0x13b f:/iti/imt tools/sdk/sdk/winavr/bin/../lib/gcc/avr/4.3.3/avr5\libgcc.a(_fpcmp_parts_sf.o)

.debug_line     0x00000000      0xdad
 *(.debug_line)
 .debug_line    0x00000000       0xa7 f:/iti/imt tools/sdk/sdk/winavr/bin/../lib/gcc/avr/4.3.3/avr5\libgcc.a(_fixunssfsi.o)
 .debug_line    0x000000a7      0x2af f:/iti/imt tools/sdk/sdk/winavr/bin/../lib/gcc/avr/4.3.3/avr5\libgcc.a(_addsub_sf.o)
 .debug_line    0x00000356      0x239 f:/iti/imt tools/sdk/sdk/winavr/bin/../lib/gcc/avr/4.3.3/avr5\libgcc.a(_mul_sf.o)
 .debug_line    0x0000058f       0xd3 f:/iti/imt tools/sdk/sdk/winavr/bin/../lib/gcc/avr/4.3.3/avr5\libgcc.a(_gt_sf.o)
 .debug_line    0x00000662       0xd3 f:/iti/imt tools/sdk/sdk/winavr/bin/../lib/gcc/avr/4.3.3/avr5\libgcc.a(_ge_sf.o)
 .debug_line    0x00000735       0xd3 f:/iti/imt tools/sdk/sdk/winavr/bin/../lib/gcc/avr/4.3.3/avr5\libgcc.a(_lt_sf.o)
 .debug_line    0x00000808      0x109 f:/iti/imt tools/sdk/sdk/winavr/bin/../lib/gcc/avr/4.3.3/avr5\libgcc.a(_sf_to_si.o)
 .debug_line    0x00000911       0x90 f:/iti/imt tools/sdk/sdk/winavr/bin/../lib/gcc/avr/4.3.3/avr5\libgcc.a(_thenan_sf.o)
 .debug_line    0x000009a1      0x18a f:/iti/imt tools/sdk/sdk/winavr/bin/../lib/gcc/avr/4.3.3/avr5\libgcc.a(_pack_sf.o)
 .debug_line    0x00000b2b      0x14b f:/iti/imt tools/sdk/sdk/winavr/bin/../lib/gcc/avr/4.3.3/avr5\libgcc.a(_unpack_sf.o)
 .debug_line    0x00000c76      0x137 f:/iti/imt tools/sdk/sdk/winavr/bin/../lib/gcc/avr/4.3.3/avr5\libgcc.a(_fpcmp_parts_sf.o)

.debug_frame    0x00000000      0x160
 *(.debug_frame)
 .debug_frame   0x00000000       0x20 f:/iti/imt tools/sdk/sdk/winavr/bin/../lib/gcc/avr/4.3.3/avr5\libgcc.a(_fixunssfsi.o)
 .debug_frame   0x00000020       0x40 f:/iti/imt tools/sdk/sdk/winavr/bin/../lib/gcc/avr/4.3.3/avr5\libgcc.a(_addsub_sf.o)
 .debug_frame   0x00000060       0x20 f:/iti/imt tools/sdk/sdk/winavr/bin/../lib/gcc/avr/4.3.3/avr5\libgcc.a(_mul_sf.o)
 .debug_frame   0x00000080       0x20 f:/iti/imt tools/sdk/sdk/winavr/bin/../lib/gcc/avr/4.3.3/avr5\libgcc.a(_gt_sf.o)
 .debug_frame   0x000000a0       0x20 f:/iti/imt tools/sdk/sdk/winavr/bin/../lib/gcc/avr/4.3.3/avr5\libgcc.a(_ge_sf.o)
 .debug_frame   0x000000c0       0x20 f:/iti/imt tools/sdk/sdk/winavr/bin/../lib/gcc/avr/4.3.3/avr5\libgcc.a(_lt_sf.o)
 .debug_frame   0x000000e0       0x20 f:/iti/imt tools/sdk/sdk/winavr/bin/../lib/gcc/avr/4.3.3/avr5\libgcc.a(_sf_to_si.o)
 .debug_frame   0x00000100       0x20 f:/iti/imt tools/sdk/sdk/winavr/bin/../lib/gcc/avr/4.3.3/avr5\libgcc.a(_pack_sf.o)
 .debug_frame   0x00000120       0x20 f:/iti/imt tools/sdk/sdk/winavr/bin/../lib/gcc/avr/4.3.3/avr5\libgcc.a(_unpack_sf.o)
 .debug_frame   0x00000140       0x20 f:/iti/imt tools/sdk/sdk/winavr/bin/../lib/gcc/avr/4.3.3/avr5\libgcc.a(_fpcmp_parts_sf.o)

.debug_str      0x00000000      0x28d
 *(.debug_str)
 .debug_str     0x00000000       0xbf f:/iti/imt tools/sdk/sdk/winavr/bin/../lib/gcc/avr/4.3.3/avr5\libgcc.a(_fixunssfsi.o)
                                 0xfe (size before relaxing)
 .debug_str     0x000000bf      0x14d f:/iti/imt tools/sdk/sdk/winavr/bin/../lib/gcc/avr/4.3.3/avr5\libgcc.a(_addsub_sf.o)
                                0x206 (size before relaxing)
 .debug_str     0x0000020c       0x27 f:/iti/imt tools/sdk/sdk/winavr/bin/../lib/gcc/avr/4.3.3/avr5\libgcc.a(_mul_sf.o)
                                0x1bf (size before relaxing)
 .debug_str     0x00000233        0xf f:/iti/imt tools/sdk/sdk/winavr/bin/../lib/gcc/avr/4.3.3/avr5\libgcc.a(_gt_sf.o)
                                0x195 (size before relaxing)
 .debug_str     0x00000242        0x8 f:/iti/imt tools/sdk/sdk/winavr/bin/../lib/gcc/avr/4.3.3/avr5\libgcc.a(_ge_sf.o)
                                0x195 (size before relaxing)
 .debug_str     0x0000024a        0x8 f:/iti/imt tools/sdk/sdk/winavr/bin/../lib/gcc/avr/4.3.3/avr5\libgcc.a(_lt_sf.o)
                                0x195 (size before relaxing)
 .debug_str     0x00000252        0xa f:/iti/imt tools/sdk/sdk/winavr/bin/../lib/gcc/avr/4.3.3/avr5\libgcc.a(_sf_to_si.o)
                                0x19e (size before relaxing)
 .debug_str     0x00000000      0x103 f:/iti/imt tools/sdk/sdk/winavr/bin/../lib/gcc/avr/4.3.3/avr5\libgcc.a(_thenan_sf.o)
 .debug_str     0x0000025c       0x16 f:/iti/imt tools/sdk/sdk/winavr/bin/../lib/gcc/avr/4.3.3/avr5\libgcc.a(_pack_sf.o)
                                0x19d (size before relaxing)
 .debug_str     0x00000272        0xb f:/iti/imt tools/sdk/sdk/winavr/bin/../lib/gcc/avr/4.3.3/avr5\libgcc.a(_unpack_sf.o)
                                0x17f (size before relaxing)
 .debug_str     0x0000027d       0x10 f:/iti/imt tools/sdk/sdk/winavr/bin/../lib/gcc/avr/4.3.3/avr5\libgcc.a(_fpcmp_parts_sf.o)
                                0x163 (size before relaxing)

.debug_loc      0x00000000      0x7ce
 *(.debug_loc)
 .debug_loc     0x00000000       0x34 f:/iti/imt tools/sdk/sdk/winavr/bin/../lib/gcc/avr/4.3.3/avr5\libgcc.a(_fixunssfsi.o)
 .debug_loc     0x00000034      0x32a f:/iti/imt tools/sdk/sdk/winavr/bin/../lib/gcc/avr/4.3.3/avr5\libgcc.a(_addsub_sf.o)
 .debug_loc     0x0000035e      0x104 f:/iti/imt tools/sdk/sdk/winavr/bin/../lib/gcc/avr/4.3.3/avr5\libgcc.a(_mul_sf.o)
 .debug_loc     0x00000462       0x3c f:/iti/imt tools/sdk/sdk/winavr/bin/../lib/gcc/avr/4.3.3/avr5\libgcc.a(_gt_sf.o)
 .debug_loc     0x0000049e       0x3c f:/iti/imt tools/sdk/sdk/winavr/bin/../lib/gcc/avr/4.3.3/avr5\libgcc.a(_ge_sf.o)
 .debug_loc     0x000004da       0x3c f:/iti/imt tools/sdk/sdk/winavr/bin/../lib/gcc/avr/4.3.3/avr5\libgcc.a(_lt_sf.o)
 .debug_loc     0x00000516       0x7e f:/iti/imt tools/sdk/sdk/winavr/bin/../lib/gcc/avr/4.3.3/avr5\libgcc.a(_sf_to_si.o)
 .debug_loc     0x00000594      0x13e f:/iti/imt tools/sdk/sdk/winavr/bin/../lib/gcc/avr/4.3.3/avr5\libgcc.a(_pack_sf.o)
 .debug_loc     0x000006d2       0xac f:/iti/imt tools/sdk/sdk/winavr/bin/../lib/gcc/avr/4.3.3/avr5\libgcc.a(_unpack_sf.o)
 .debug_loc     0x0000077e       0x50 f:/iti/imt tools/sdk/sdk/winavr/bin/../lib/gcc/avr/4.3.3/avr5\libgcc.a(_fpcmp_parts_sf.o)

.debug_macinfo
 *(.debug_macinfo)
OUTPUT(AVR_FREERTOS2.elf elf32-avr)
LOAD linker stubs

.debug_ranges   0x00000000       0x50
 .debug_ranges  0x00000000       0x50 f:/iti/imt tools/sdk/sdk/winavr/bin/../lib/gcc/avr/4.3.3/avr5\libgcc.a(_mul_sf.o)
